../Middlewares/ST/STM32_USB_Host_Library/Class/MSC/Src/usbh_msc_scsi.c:102:20:USBH_MSC_SCSI_TestUnitReady	8	static
../Middlewares/ST/STM32_USB_Host_Library/Class/MSC/Src/usbh_msc_scsi.c:144:20:USBH_MSC_SCSI_ReadCapacity	16	static
../Middlewares/ST/STM32_USB_Host_Library/Class/MSC/Src/usbh_msc_scsi.c:200:20:USBH_MSC_SCSI_Inquiry	16	static
../Middlewares/ST/STM32_USB_Host_Library/Class/MSC/Src/usbh_msc_scsi.c:271:20:USBH_MSC_SCSI_RequestSense	16	static
../Middlewares/ST/STM32_USB_Host_Library/Class/MSC/Src/usbh_msc_scsi.c:336:20:USBH_MSC_SCSI_Write	16	static
../Middlewares/ST/STM32_USB_Host_Library/Class/MSC/Src/usbh_msc_scsi.c:397:20:USBH_MSC_SCSI_Read	16	static
