Archive member included to satisfy reference by file (symbol)

C:/ST/STM32CubeIDE_1.19.0/STM32CubeIDE/plugins/com.st.stm32cube.ide.mcu.externaltools.gnu-tools-for-stm32.13.3.rel1.win32_1.0.0.202411081344/tools/bin/../lib/gcc/arm-none-eabi/13.3.1/../../../../arm-none-eabi/lib/thumb/v7e-m+fp/hard\libc_nano.a(libc_a-exit.o)
                              C:/ST/STM32CubeIDE_1.19.0/STM32CubeIDE/plugins/com.st.stm32cube.ide.mcu.externaltools.gnu-tools-for-stm32.13.3.rel1.win32_1.0.0.202411081344/tools/bin/../lib/gcc/arm-none-eabi/13.3.1/../../../../arm-none-eabi/lib/thumb/v7e-m+fp/hard/crt0.o (exit)
C:/ST/STM32CubeIDE_1.19.0/STM32CubeIDE/plugins/com.st.stm32cube.ide.mcu.externaltools.gnu-tools-for-stm32.13.3.rel1.win32_1.0.0.202411081344/tools/bin/../lib/gcc/arm-none-eabi/13.3.1/../../../../arm-none-eabi/lib/thumb/v7e-m+fp/hard\libc_nano.a(libc_a-malloc.o)
                              ./Middlewares/ST/STM32_USB_Host_Library/Class/MSC/Src/usbh_msc.o (malloc)
C:/ST/STM32CubeIDE_1.19.0/STM32CubeIDE/plugins/com.st.stm32cube.ide.mcu.externaltools.gnu-tools-for-stm32.13.3.rel1.win32_1.0.0.202411081344/tools/bin/../lib/gcc/arm-none-eabi/13.3.1/../../../../arm-none-eabi/lib/thumb/v7e-m+fp/hard\libc_nano.a(libc_a-mallocr.o)
                              C:/ST/STM32CubeIDE_1.19.0/STM32CubeIDE/plugins/com.st.stm32cube.ide.mcu.externaltools.gnu-tools-for-stm32.13.3.rel1.win32_1.0.0.202411081344/tools/bin/../lib/gcc/arm-none-eabi/13.3.1/../../../../arm-none-eabi/lib/thumb/v7e-m+fp/hard\libc_nano.a(libc_a-malloc.o) (_malloc_r)
C:/ST/STM32CubeIDE_1.19.0/STM32CubeIDE/plugins/com.st.stm32cube.ide.mcu.externaltools.gnu-tools-for-stm32.13.3.rel1.win32_1.0.0.202411081344/tools/bin/../lib/gcc/arm-none-eabi/13.3.1/../../../../arm-none-eabi/lib/thumb/v7e-m+fp/hard\libc_nano.a(libc_a-mlock.o)
                              C:/ST/STM32CubeIDE_1.19.0/STM32CubeIDE/plugins/com.st.stm32cube.ide.mcu.externaltools.gnu-tools-for-stm32.13.3.rel1.win32_1.0.0.202411081344/tools/bin/../lib/gcc/arm-none-eabi/13.3.1/../../../../arm-none-eabi/lib/thumb/v7e-m+fp/hard\libc_nano.a(libc_a-mallocr.o) (__malloc_lock)
C:/ST/STM32CubeIDE_1.19.0/STM32CubeIDE/plugins/com.st.stm32cube.ide.mcu.externaltools.gnu-tools-for-stm32.13.3.rel1.win32_1.0.0.202411081344/tools/bin/../lib/gcc/arm-none-eabi/13.3.1/../../../../arm-none-eabi/lib/thumb/v7e-m+fp/hard\libc_nano.a(libc_a-findfp.o)
                              C:/ST/STM32CubeIDE_1.19.0/STM32CubeIDE/plugins/com.st.stm32cube.ide.mcu.externaltools.gnu-tools-for-stm32.13.3.rel1.win32_1.0.0.202411081344/tools/bin/../lib/gcc/arm-none-eabi/13.3.1/../../../../arm-none-eabi/lib/thumb/v7e-m+fp/hard\libc_nano.a(libc_a-exit.o) (__stdio_exit_handler)
C:/ST/STM32CubeIDE_1.19.0/STM32CubeIDE/plugins/com.st.stm32cube.ide.mcu.externaltools.gnu-tools-for-stm32.13.3.rel1.win32_1.0.0.202411081344/tools/bin/../lib/gcc/arm-none-eabi/13.3.1/../../../../arm-none-eabi/lib/thumb/v7e-m+fp/hard\libc_nano.a(libc_a-fwalk.o)
                              C:/ST/STM32CubeIDE_1.19.0/STM32CubeIDE/plugins/com.st.stm32cube.ide.mcu.externaltools.gnu-tools-for-stm32.13.3.rel1.win32_1.0.0.202411081344/tools/bin/../lib/gcc/arm-none-eabi/13.3.1/../../../../arm-none-eabi/lib/thumb/v7e-m+fp/hard\libc_nano.a(libc_a-findfp.o) (_fwalk_sglue)
C:/ST/STM32CubeIDE_1.19.0/STM32CubeIDE/plugins/com.st.stm32cube.ide.mcu.externaltools.gnu-tools-for-stm32.13.3.rel1.win32_1.0.0.202411081344/tools/bin/../lib/gcc/arm-none-eabi/13.3.1/../../../../arm-none-eabi/lib/thumb/v7e-m+fp/hard\libc_nano.a(libc_a-printf.o)
                              ./Core/Src/main.o (printf)
C:/ST/STM32CubeIDE_1.19.0/STM32CubeIDE/plugins/com.st.stm32cube.ide.mcu.externaltools.gnu-tools-for-stm32.13.3.rel1.win32_1.0.0.202411081344/tools/bin/../lib/gcc/arm-none-eabi/13.3.1/../../../../arm-none-eabi/lib/thumb/v7e-m+fp/hard\libc_nano.a(libc_a-putchar.o)
                              ./FATFS/Target/usbh_diskio.o (putchar)
C:/ST/STM32CubeIDE_1.19.0/STM32CubeIDE/plugins/com.st.stm32cube.ide.mcu.externaltools.gnu-tools-for-stm32.13.3.rel1.win32_1.0.0.202411081344/tools/bin/../lib/gcc/arm-none-eabi/13.3.1/../../../../arm-none-eabi/lib/thumb/v7e-m+fp/hard\libc_nano.a(libc_a-puts.o)
                              ./Core/Src/main.o (puts)
C:/ST/STM32CubeIDE_1.19.0/STM32CubeIDE/plugins/com.st.stm32cube.ide.mcu.externaltools.gnu-tools-for-stm32.13.3.rel1.win32_1.0.0.202411081344/tools/bin/../lib/gcc/arm-none-eabi/13.3.1/../../../../arm-none-eabi/lib/thumb/v7e-m+fp/hard\libc_nano.a(libc_a-stdio.o)
                              C:/ST/STM32CubeIDE_1.19.0/STM32CubeIDE/plugins/com.st.stm32cube.ide.mcu.externaltools.gnu-tools-for-stm32.13.3.rel1.win32_1.0.0.202411081344/tools/bin/../lib/gcc/arm-none-eabi/13.3.1/../../../../arm-none-eabi/lib/thumb/v7e-m+fp/hard\libc_nano.a(libc_a-findfp.o) (__sread)
[...]
Memory Configuration

Name             Origin             Length             Attributes
CCMRAM           0x10000000         0x00010000         xrw
RAM              0x20000000         0x00030000         xrw
FLASH            0x08000000         0x00200000         xr
*default*        0x00000000         0xffffffff

Linker script and memory map

LOAD C:/ST/STM32CubeIDE_1.19.0/STM32CubeIDE/plugins/com.st.stm32cube.ide.mcu.externaltools.gnu-tools-for-stm32.13.3.rel1.win32_1.0.0.202411081344/tools/bin/../lib/gcc/arm-none-eabi/13.3.1/thumb/v7e-m+fp/hard/crti.o
LOAD C:/ST/STM32CubeIDE_1.19.0/STM32CubeIDE/plugins/com.st.stm32cube.ide.mcu.externaltools.gnu-tools-for-stm32.13.3.rel1.win32_1.0.0.202411081344/tools/bin/../lib/gcc/arm-none-eabi/13.3.1/thumb/v7e-m+fp/hard/crtbegin.o
LOAD C:/ST/STM32CubeIDE_1.19.0/STM32CubeIDE/plugins/com.st.stm32cube.ide.mcu.externaltools.gnu-tools-for-stm32.13.3.rel1.win32_1.0.0.202411081344/tools/bin/../lib/gcc/arm-none-eabi/13.3.1/../../../../arm-none-eabi/lib/thumb/v7e-m+fp/hard/crt0.o
LOAD ./Core/Src/main.o
LOAD ./Core/Src/stm32f4xx_hal_msp.o
LOAD ./Core/Src/stm32f4xx_it.o
LOAD ./Core/Src/syscalls.o
LOAD ./Core/Src/sysmem.o
LOAD ./Core/Src/system_stm32f4xx.o
LOAD ./Core/Startup/startup_stm32f439zitx.o
LOAD ./Drivers/STM32F4xx_HAL_Driver/Src/stm32f4xx_hal.o
LOAD ./Drivers/STM32F4xx_HAL_Driver/Src/stm32f4xx_hal_cortex.o
LOAD ./Drivers/STM32F4xx_HAL_Driver/Src/stm32f4xx_hal_dma.o
LOAD ./Drivers/STM32F4xx_HAL_Driver/Src/stm32f4xx_hal_dma_ex.o
LOAD ./Drivers/STM32F4xx_HAL_Driver/Src/stm32f4xx_hal_exti.o
LOAD ./Drivers/STM32F4xx_HAL_Driver/Src/stm32f4xx_hal_flash.o
LOAD ./Drivers/STM32F4xx_HAL_Driver/Src/stm32f4xx_hal_flash_ex.o
LOAD ./Drivers/STM32F4xx_HAL_Driver/Src/stm32f4xx_hal_flash_ramfunc.o
LOAD ./Drivers/STM32F4xx_HAL_Driver/Src/stm32f4xx_hal_gpio.o
LOAD ./Drivers/STM32F4xx_HAL_Driver/Src/stm32f4xx_hal_hcd.o
LOAD ./Drivers/STM32F4xx_HAL_Driver/Src/stm32f4xx_hal_pwr.o
LOAD ./Drivers/STM32F4xx_HAL_Driver/Src/stm32f4xx_hal_pwr_ex.o
LOAD ./Drivers/STM32F4xx_HAL_Driver/Src/stm32f4xx_hal_rcc.o
LOAD ./Drivers/STM32F4xx_HAL_Driver/Src/stm32f4xx_hal_rcc_ex.o
LOAD ./Drivers/STM32F4xx_HAL_Driver/Src/stm32f4xx_hal_uart.o
LOAD ./Drivers/STM32F4xx_HAL_Driver/Src/stm32f4xx_ll_usb.o
LOAD ./FATFS/App/fatfs.o
LOAD ./FATFS/Target/usbh_diskio.o
LOAD ./Middlewares/ST/STM32_USB_Host_Library/Class/MSC/Src/usbh_msc.o
LOAD ./Middlewares/ST/STM32_USB_Host_Library/Class/MSC/Src/usbh_msc_bot.o
LOAD ./Middlewares/ST/STM32_USB_Host_Library/Class/MSC/Src/usbh_msc_scsi.o
LOAD ./Middlewares/ST/STM32_USB_Host_Library/Core/Src/usbh_core.o
LOAD ./Middlewares/ST/STM32_USB_Host_Library/Core/Src/usbh_ctlreq.o
LOAD ./Middlewares/ST/STM32_USB_Host_Library/Core/Src/usbh_ioreq.o
LOAD ./Middlewares/ST/STM32_USB_Host_Library/Core/Src/usbh_pipes.o
LOAD ./Middlewares/Third_Party/FatFs/src/diskio.o
LOAD ./Middlewares/Third_Party/FatFs/src/ff.o
LOAD ./Middlewares/Third_Party/FatFs/src/ff_gen_drv.o
LOAD ./Middlewares/Third_Party/FatFs/src/option/syscall.o
LOAD ./USB_HOST/App/usb_host.o
LOAD ./USB_HOST/Target/usbh_conf.o
LOAD ./USB_HOST/Target/usbh_platform.o
START GROUP
LOAD C:/ST/STM32CubeIDE_1.19.0/STM32CubeIDE/plugins/com.st.stm32cube.ide.mcu.externaltools.gnu-tools-for-stm32.13.3.rel1.win32_1.0.0.202411081344/tools/bin/../lib/gcc/arm-none-eabi/13.3.1/../../../../arm-none-eabi/lib/thumb/v7e-m+fp/hard\libc_nano.a
LOAD C:/ST/STM32CubeIDE_1.19.0/STM32CubeIDE/plugins/com.st.stm32cube.ide.mcu.externaltools.gnu-tools-for-stm32.13.3.rel1.win32_1.0.0.202411081344/tools/bin/../lib/gcc/arm-none-eabi/13.3.1/../../../../arm-none-eabi/lib/thumb/v7e-m+fp/hard\libm.a
END GROUP
START GROUP
LOAD C:/ST/STM32CubeIDE_1.19.0/STM32CubeIDE/plugins/com.st.stm32cube.ide.mcu.externaltools.gnu-tools-for-stm32.13.3.rel1.win32_1.0.0.202411081344/tools/bin/../lib/gcc/arm-none-eabi/13.3.1/thumb/v7e-m+fp/hard\libgcc.a
LOAD C:/ST/STM32CubeIDE_1.19.0/STM32CubeIDE/plugins/com.st.stm32cube.ide.mcu.externaltools.gnu-tools-for-stm32.13.3.rel1.win32_1.0.0.202411081344/tools/bin/../lib/gcc/arm-none-eabi/13.3.1/../../../../arm-none-eabi/lib/thumb/v7e-m+fp/hard\libc_nano.a
END GROUP
START GROUP
LOAD C:/ST/STM32CubeIDE_1.19.0/STM32CubeIDE/plugins/com.st.stm32cube.ide.mcu.externaltools.gnu-tools-for-stm32.13.3.rel1.win32_1.0.0.202411081344/tools/bin/../lib/gcc/arm-none-eabi/13.3.1/thumb/v7e-m+fp/hard\libgcc.a
LOAD C:/ST/STM32CubeIDE_1.19.0/STM32CubeIDE/plugins/com.st.stm32cube.ide.mcu.externaltools.gnu-tools-for-stm32.13.3.rel1.win32_1.0.0.202411081344/tools/bin/../lib/gcc/arm-none-eabi/13.3.1/../../../../arm-none-eabi/lib/thumb/v7e-m+fp/hard\libc_nano.a
LOAD C:/ST/STM32CubeIDE_1.19.0/STM32CubeIDE/plugins/com.st.stm32cube.ide.mcu.externaltools.gnu-tools-for-stm32.13.3.rel1.win32_1.0.0.202411081344/tools/bin/../lib/gcc/arm-none-eabi/13.3.1/../../../../arm-none-eabi/lib/thumb/v7e-m+fp/hard\libnosys.a
END GROUP
START GROUP
LOAD C:/ST/STM32CubeIDE_1.19.0/STM32CubeIDE/plugins/com.st.stm32cube.ide.mcu.externaltools.gnu-tools-for-stm32.13.3.rel1.win32_1.0.0.202411081344/tools/bin/../lib/gcc/arm-none-eabi/13.3.1/thumb/v7e-m+fp/hard\libgcc.a
LOAD C:/ST/STM32CubeIDE_1.19.0/STM32CubeIDE/plugins/com.st.stm32cube.ide.mcu.externaltools.gnu-tools-for-stm32.13.3.rel1.win32_1.0.0.202411081344/tools/bin/../lib/gcc/arm-none-eabi/13.3.1/../../../../arm-none-eabi/lib/thumb/v7e-m+fp/hard\libc_nano.a
LOAD C:/ST/STM32CubeIDE_1.19.0/STM32CubeIDE/plugins/com.st.stm32cube.ide.mcu.externaltools.gnu-tools-for-stm32.13.3.rel1.win32_1.0.0.202411081344/tools/bin/../lib/gcc/arm-none-eabi/13.3.1/../../../../arm-none-eabi/lib/thumb/v7e-m+fp/hard\libnosys.a
END GROUP
LOAD C:/ST/STM32CubeIDE_1.19.0/STM32CubeIDE/plugins/com.st.stm32cube.ide.mcu.externaltools.gnu-tools-for-stm32.13.3.rel1.win32_1.0.0.202411081344/tools/bin/../lib/gcc/arm-none-eabi/13.3.1/thumb/v7e-m+fp/hard/crtend.o
LOAD C:/ST/STM32CubeIDE_1.19.0/STM32CubeIDE/plugins/com.st.stm32cube.ide.mcu.externaltools.gnu-tools-for-stm32.13.3.rel1.win32_1.0.0.202411081344/tools/bin/../lib/gcc/arm-none-eabi/13.3.1/thumb/v7e-m+fp/hard/crtn.o
                0x20030000                        _estack = (ORIGIN (RAM) + LENGTH (RAM))
                0x00000800                        _Min_Heap_Size = 0x800
                0x00000800                        _Min_Stack_Size = 0x800

.isr_vector     0x08000000      0x1ac
                0x08000000                        . = ALIGN (0x4)
 *(.isr_vector)
 .isr_vector    0x08000000      0x1ac ./Core/Startup/startup_stm32f439zitx.o
                0x08000000                g_pfnVectors
                0x080001ac                        . = ALIGN (0x4)

.text           0x080001b0     0x8944
                0x080001b0                        . = ALIGN (0x4)
 *(.text)
 .text          0x080001b0       0x40 C:/ST/STM32CubeIDE_1.19.0/STM32CubeIDE/plugins/com.st.stm32cube.ide.mcu.externaltools.gnu-tools-for-stm32.13.3.rel1.win32_1.0.0.202411081344/tools/bin/../lib/gcc/arm-none-eabi/13.3.1/thumb/v7e-m+fp/hard/crtbegin.o
 .text          0x080001f0       0xa0 C:/ST/STM32CubeIDE_1.19.0/STM32CubeIDE/plugins/com.st.stm32cube.ide.mcu.externaltools.gnu-tools-for-stm32.13.3.rel1.win32_1.0.0.202411081344/tools/bin/../lib/gcc/arm-none-eabi/13.3.1/../../../../arm-none-eabi/lib/thumb/v7e-m+fp/hard\libc_nano.a(libc_a-memchr.o)
                0x080001f0                memchr
 .text          0x08000290      0x254 C:/ST/STM32CubeIDE_1.19.0/STM32CubeIDE/plugins/com.st.stm32cube.ide.mcu.externaltools.gnu-tools-for-stm32.13.3.rel1.win32_1.0.0.202411081344/tools/bin/../lib/gcc/arm-none-eabi/13.3.1/thumb/v7e-m+fp/hard\libgcc.a(_arm_muldf3.o)
                0x08000290                __muldf3
                0x08000290                __aeabi_dmul
 .text          0x080004e4      0x378 C:/ST/STM32CubeIDE_1.19.0/STM32CubeIDE/plugins/com.st.stm32cube.ide.mcu.externaltools.gnu-tools-for-stm32.13.3.rel1.win32_1.0.0.202411081344/tools/bin/../lib/gcc/arm-none-eabi/13.3.1/thumb/v7e-m+fp/hard\libgcc.a(_arm_addsubdf3.o)
                0x080004e4                __aeabi_drsub
                0x080004ec                __aeabi_dsub
                0x080004ec                __subdf3
                0x080004f0                __aeabi_dadd
                0x080004f0                __adddf3
                0x08000768                __floatunsidf
                0x08000768                __aeabi_ui2d
                0x08000788                __floatsidf
                0x08000788                __aeabi_i2d
                0x080007ac                __aeabi_f2d
                0x080007ac                __extendsfdf2
                0x080007f0                __floatundidf
                0x080007f0                __aeabi_ul2d
                0x08000800                __floatdidf
                0x08000800                __aeabi_l2d
 .text          0x0800085c       0x40 C:/ST/STM32CubeIDE_1.19.0/STM32CubeIDE/plugins/com.st.stm32cube.ide.mcu.externaltools.gnu-tools-for-stm32.13.3.rel1.win32_1.0.0.202411081344/tools/bin/../lib/gcc/arm-none-eabi/13.3.1/thumb/v7e-m+fp/hard\libgcc.a(_arm_fixunsdfsi.o)
                0x0800085c                __aeabi_d2uiz
                0x0800085c                __fixunsdfsi
 .text          0x0800089c       0x30 C:/ST/STM32CubeIDE_1.19.0/STM32CubeIDE/plugins/com.st.stm32cube.ide.mcu.externaltools.gnu-tools-for-stm32.13.3.rel1.win32_1.0.0.202411081344/tools/bin/../lib/gcc/arm-none-eabi/13.3.1/thumb/v7e-m+fp/hard\libgcc.a(_aeabi_uldivmod.o)
                0x0800089c                __aeabi_uldivmod
 .text          0x080008cc      0x2f8 C:/ST/STM32CubeIDE_1.19.0/STM32CubeIDE/plugins/com.st.stm32cube.ide.mcu.externaltools.gnu-tools-for-stm32.13.3.rel1.win32_1.0.0.202411081344/tools/bin/../lib/gcc/arm-none-eabi/13.3.1/thumb/v7e-m+fp/hard\libgcc.a(_udivmoddi4.o)
                0x080008cc                __udivmoddi4
 .text          0x08000bc4        0x4 C:/ST/STM32CubeIDE_1.19.0/STM32CubeIDE/plugins/com.st.stm32cube.ide.mcu.externaltools.gnu-tools-for-stm32.13.3.rel1.win32_1.0.0.202411081344/tools/bin/../lib/gcc/arm-none-eabi/13.3.1/thumb/v7e-m+fp/hard\libgcc.a(_dvmd_tls.o)
                0x08000bc4                __aeabi_idiv0
                0x08000bc4                __aeabi_ldiv0
 *(.text*)
 .text.MX_GPIO_Init
                0x08000bc8      0x180 ./Core/Src/main.o
 .text.ETX_MSC_ProcessUsbDevice
                0x08000d48      0x154 ./Core/Src/main.o
 .text.__io_putchar
                0x08000e9c       0x20 ./Core/Src/main.o
                0x08000e9c                __io_putchar
 .text.MyUSBUserFnc
                0x08000ebc       0x3c ./Core/Src/main.o
                0x08000ebc                MyUSBUserFnc
 .text.Error_Handler
                0x08000ef8        0x4 ./Core/Src/main.o
                0x08000ef8                Error_Handler
 .text.MX_USART3_UART_Init
                0x08000efc       0x34 ./Core/Src/main.o
 .text.SystemClock_Config
                0x08000f30       0xa8 ./Core/Src/main.o
                0x08000f30                SystemClock_Config
 .text.main     0x08000fd8       0x24 ./Core/Src/main.o
                0x08000fd8                main
 .text.HAL_MspInit
                0x08000ffc       0x38 ./Core/Src/stm32f4xx_hal_msp.o
                0x08000ffc                HAL_MspInit
 .text.HAL_UART_MspInit
                0x08001034       0x70 ./Core/Src/stm32f4xx_hal_msp.o
                0x08001034                HAL_UART_MspInit
 .text.NMI_Handler
                0x080010a4        0x2 ./Core/Src/stm32f4xx_it.o
                0x080010a4                NMI_Handler
 .text.HardFault_Handler
                0x080010a6        0x2 ./Core/Src/stm32f4xx_it.o
                0x080010a6                HardFault_Handler
 .text.MemManage_Handler
                0x080010a8        0x2 ./Core/Src/stm32f4xx_it.o
                0x080010a8                MemManage_Handler
 .text.BusFault_Handler
                0x080010aa        0x2 ./Core/Src/stm32f4xx_it.o
                0x080010aa                BusFault_Handler
 .text.UsageFault_Handler
                0x080010ac        0x2 ./Core/Src/stm32f4xx_it.o
                0x080010ac                UsageFault_Handler
 .text.SVC_Handler
                0x080010ae        0x2 ./Core/Src/stm32f4xx_it.o
                0x080010ae                SVC_Handler
 .text.DebugMon_Handler
                0x080010b0        0x2 ./Core/Src/stm32f4xx_it.o
                0x080010b0                DebugMon_Handler
 .text.PendSV_Handler
                0x080010b2        0x2 ./Core/Src/stm32f4xx_it.o
                0x080010b2                PendSV_Handler
 .text.SysTick_Handler
                0x080010b4        0x8 ./Core/Src/stm32f4xx_it.o
                0x080010b4                SysTick_Handler
 .text.OTG_FS_IRQHandler
                0x080010bc       0x10 ./Core/Src/stm32f4xx_it.o
                0x080010bc                OTG_FS_IRQHandler
 .text._read    0x080010cc       0x20 ./Core/Src/syscalls.o
                0x080010cc                _read
 .text._write   0x080010ec       0x1c ./Core/Src/syscalls.o
                0x080010ec                _write
 .text._close   0x08001108        0x6 ./Core/Src/syscalls.o
                0x08001108                _close
 .text._fstat   0x0800110e        0xa ./Core/Src/syscalls.o
                0x0800110e                _fstat
 .text._isatty  0x08001118        0x4 ./Core/Src/syscalls.o
                0x08001118                _isatty
 .text._lseek   0x0800111c        0x4 ./Core/Src/syscalls.o
                0x0800111c                _lseek
 .text._sbrk    0x08001120       0x48 ./Core/Src/sysmem.o
                0x08001120                _sbrk
 .text.SystemInit
                0x08001168       0x14 ./Core/Src/system_stm32f4xx.o
                0x08001168                SystemInit
 .text.Reset_Handler
                0x0800117c       0x50 ./Core/Startup/startup_stm32f439zitx.o
                0x0800117c                Reset_Handler
 .text.Default_Handler
                0x080011cc        0x2 ./Core/Startup/startup_stm32f439zitx.o
                0x080011cc                RTC_Alarm_IRQHandler
                0x080011cc                HASH_RNG_IRQHandler
                0x080011cc                EXTI2_IRQHandler
                0x080011cc                TIM8_CC_IRQHandler
                0x080011cc                UART8_IRQHandler
                0x080011cc                SPI4_IRQHandler
                0x080011cc                TIM1_CC_IRQHandler
                0x080011cc                DMA2_Stream5_IRQHandler
                0x080011cc                DMA1_Stream5_IRQHandler
                0x080011cc                PVD_IRQHandler
                0x080011cc                SDIO_IRQHandler
                0x080011cc                TAMP_STAMP_IRQHandler
                0x080011cc                CAN2_RX1_IRQHandler
                0x080011cc                EXTI3_IRQHandler
                0x080011cc                TIM8_TRG_COM_TIM14_IRQHandler
                0x080011cc                TIM1_UP_TIM10_IRQHandler
                0x080011cc                TIM8_UP_TIM13_IRQHandler
                0x080011cc                I2C3_ER_IRQHandler
                0x080011cc                EXTI0_IRQHandler
                0x080011cc                I2C2_EV_IRQHandler
                0x080011cc                DMA1_Stream2_IRQHandler
                0x080011cc                CAN1_RX0_IRQHandler
                0x080011cc                FPU_IRQHandler
                0x080011cc                OTG_HS_WKUP_IRQHandler
                0x080011cc                LTDC_ER_IRQHandler
                0x080011cc                CAN2_SCE_IRQHandler
                0x080011cc                DMA2_Stream2_IRQHandler
                0x080011cc                SPI1_IRQHandler
                0x080011cc                TIM6_DAC_IRQHandler
                0x080011cc                TIM1_BRK_TIM9_IRQHandler
                0x080011cc                DCMI_IRQHandler
                0x080011cc                CAN2_RX0_IRQHandler
                0x080011cc                DMA2_Stream3_IRQHandler
                0x080011cc                USART6_IRQHandler
                0x080011cc                USART3_IRQHandler
                0x080011cc                CRYP_IRQHandler
                0x080011cc                CAN1_RX1_IRQHandler
                0x080011cc                UART5_IRQHandler
                0x080011cc                DMA2_Stream0_IRQHandler
                0x080011cc                TIM4_IRQHandler
                0x080011cc                I2C1_EV_IRQHandler
                0x080011cc                DMA1_Stream6_IRQHandler
                0x080011cc                DMA1_Stream1_IRQHandler
                0x080011cc                UART4_IRQHandler
                0x080011cc                TIM3_IRQHandler
                0x080011cc                RCC_IRQHandler
                0x080011cc                TIM8_BRK_TIM12_IRQHandler
                0x080011cc                Default_Handler
                0x080011cc                EXTI15_10_IRQHandler
                0x080011cc                ADC_IRQHandler
                0x080011cc                DMA1_Stream7_IRQHandler
                0x080011cc                SPI5_IRQHandler
                0x080011cc                TIM7_IRQHandler
                0x080011cc                CAN2_TX_IRQHandler
                0x080011cc                TIM5_IRQHandler
                0x080011cc                DMA2_Stream7_IRQHandler
                0x080011cc                I2C3_EV_IRQHandler
                0x080011cc                EXTI9_5_IRQHandler
                0x080011cc                RTC_WKUP_IRQHandler
                0x080011cc                LTDC_IRQHandler
                0x080011cc                ETH_WKUP_IRQHandler
                0x080011cc                SPI2_IRQHandler
                0x080011cc                OTG_HS_EP1_IN_IRQHandler
                0x080011cc                DMA1_Stream0_IRQHandler
                0x080011cc                CAN1_TX_IRQHandler
                0x080011cc                EXTI4_IRQHandler
                0x080011cc                ETH_IRQHandler
                0x080011cc                OTG_HS_EP1_OUT_IRQHandler
                0x080011cc                WWDG_IRQHandler
                0x080011cc                SPI6_IRQHandler
                0x080011cc                TIM2_IRQHandler
                0x080011cc                OTG_FS_WKUP_IRQHandler
                0x080011cc                TIM1_TRG_COM_TIM11_IRQHandler
                0x080011cc                OTG_HS_IRQHandler
                0x080011cc                DMA2D_IRQHandler
                0x080011cc                EXTI1_IRQHandler
                0x080011cc                UART7_IRQHandler
                0x080011cc                USART2_IRQHandler
                0x080011cc                I2C2_ER_IRQHandler
                0x080011cc                DMA2_Stream1_IRQHandler
                0x080011cc                CAN1_SCE_IRQHandler
                0x080011cc                FLASH_IRQHandler
                0x080011cc                DMA2_Stream4_IRQHandler
                0x080011cc                USART1_IRQHandler
                0x080011cc                SPI3_IRQHandler
                0x080011cc                DMA1_Stream4_IRQHandler
                0x080011cc                I2C1_ER_IRQHandler
                0x080011cc                FMC_IRQHandler
                0x080011cc                DMA2_Stream6_IRQHandler
                0x080011cc                SAI1_IRQHandler
                0x080011cc                DMA1_Stream3_IRQHandler
 *fill*         0x080011ce        0x2 
 .text.HAL_InitTick
                0x080011d0       0x4c ./Drivers/STM32F4xx_HAL_Driver/Src/stm32f4xx_hal.o
                0x080011d0                HAL_InitTick
 .text.HAL_Init
                0x0800121c       0x34 ./Drivers/STM32F4xx_HAL_Driver/Src/stm32f4xx_hal.o
                0x0800121c                HAL_Init
 .text.HAL_IncTick
                0x08001250       0x18 ./Drivers/STM32F4xx_HAL_Driver/Src/stm32f4xx_hal.o
                0x08001250                HAL_IncTick
 .text.HAL_GetTick
                0x08001268        0xc ./Drivers/STM32F4xx_HAL_Driver/Src/stm32f4xx_hal.o
                0x08001268                HAL_GetTick
 .text.HAL_Delay
                0x08001274       0x28 ./Drivers/STM32F4xx_HAL_Driver/Src/stm32f4xx_hal.o
                0x08001274                HAL_Delay
 .text.__NVIC_EnableIRQ
                0x0800129c       0x1c ./Drivers/STM32F4xx_HAL_Driver/Src/stm32f4xx_hal_cortex.o
 .text.__NVIC_SetPriority
                0x080012b8       0x28 ./Drivers/STM32F4xx_HAL_Driver/Src/stm32f4xx_hal_cortex.o
 .text.NVIC_EncodePriority
                0x080012e0       0x3e ./Drivers/STM32F4xx_HAL_Driver/Src/stm32f4xx_hal_cortex.o
 *fill*         0x0800131e        0x2 
 .text.HAL_NVIC_SetPriorityGrouping
                0x08001320       0x24 ./Drivers/STM32F4xx_HAL_Driver/Src/stm32f4xx_hal_cortex.o
                0x08001320                HAL_NVIC_SetPriorityGrouping
 .text.HAL_NVIC_SetPriority
                0x08001344       0x20 ./Drivers/STM32F4xx_HAL_Driver/Src/stm32f4xx_hal_cortex.o
                0x08001344                HAL_NVIC_SetPriority
 .text.HAL_NVIC_EnableIRQ
                0x08001364        0x8 ./Drivers/STM32F4xx_HAL_Driver/Src/stm32f4xx_hal_cortex.o
                0x08001364                HAL_NVIC_EnableIRQ
 .text.HAL_SYSTICK_Config
                0x0800136c       0x28 ./Drivers/STM32F4xx_HAL_Driver/Src/stm32f4xx_hal_cortex.o
                0x0800136c                HAL_SYSTICK_Config
 .text.HAL_GPIO_Init
                0x08001394      0x208 ./Drivers/STM32F4xx_HAL_Driver/Src/stm32f4xx_hal_gpio.o
                0x08001394                HAL_GPIO_Init
 .text.HAL_GPIO_WritePin
                0x0800159c        0xc ./Drivers/STM32F4xx_HAL_Driver/Src/stm32f4xx_hal_gpio.o
                0x0800159c                HAL_GPIO_WritePin
 .text.HCD_RXQLVL_IRQHandler
                0x080015a8       0xac ./Drivers/STM32F4xx_HAL_Driver/Src/stm32f4xx_hal_hcd.o
 .text.HAL_HCD_Init
                0x08001654       0x8e ./Drivers/STM32F4xx_HAL_Driver/Src/stm32f4xx_hal_hcd.o
                0x08001654                HAL_HCD_Init
 .text.HAL_HCD_HC_SubmitRequest
                0x080016e2      0x1ce ./Drivers/STM32F4xx_HAL_Driver/Src/stm32f4xx_hal_hcd.o
                0x080016e2                HAL_HCD_HC_SubmitRequest
 .text.HCD_Port_IRQHandler
                0x080018b0       0xb0 ./Drivers/STM32F4xx_HAL_Driver/Src/stm32f4xx_hal_hcd.o
 .text.HCD_HC_IN_IRQHandler
                0x08001960      0x5bc ./Drivers/STM32F4xx_HAL_Driver/Src/stm32f4xx_hal_hcd.o
 .text.HCD_HC_OUT_IRQHandler
                0x08001f1c      0x48c ./Drivers/STM32F4xx_HAL_Driver/Src/stm32f4xx_hal_hcd.o
 .text.HAL_HCD_IRQHandler
                0x080023a8      0x15c ./Drivers/STM32F4xx_HAL_Driver/Src/stm32f4xx_hal_hcd.o
                0x080023a8                HAL_HCD_IRQHandler
 .text.HAL_HCD_Start
                0x08002504       0x2a ./Drivers/STM32F4xx_HAL_Driver/Src/stm32f4xx_hal_hcd.o
                0x08002504                HAL_HCD_Start
 .text.HAL_HCD_Stop
                0x0800252e       0x24 ./Drivers/STM32F4xx_HAL_Driver/Src/stm32f4xx_hal_hcd.o
                0x0800252e                HAL_HCD_Stop
 .text.HAL_HCD_ResetPort
                0x08002552        0xa ./Drivers/STM32F4xx_HAL_Driver/Src/stm32f4xx_hal_hcd.o
                0x08002552                HAL_HCD_ResetPort
 .text.HAL_HCD_HC_GetURBState
                0x0800255c        0xe ./Drivers/STM32F4xx_HAL_Driver/Src/stm32f4xx_hal_hcd.o
                0x0800255c                HAL_HCD_HC_GetURBState
 .text.HAL_HCD_HC_GetXferCount
                0x0800256a        0xc ./Drivers/STM32F4xx_HAL_Driver/Src/stm32f4xx_hal_hcd.o
                0x0800256a                HAL_HCD_HC_GetXferCount
 .text.HAL_HCD_GetCurrentFrame
                0x08002576        0xa ./Drivers/STM32F4xx_HAL_Driver/Src/stm32f4xx_hal_hcd.o
                0x08002576                HAL_HCD_GetCurrentFrame
 .text.HAL_HCD_GetCurrentSpeed
                0x08002580        0xa ./Drivers/STM32F4xx_HAL_Driver/Src/stm32f4xx_hal_hcd.o
                0x08002580                HAL_HCD_GetCurrentSpeed
 .text.HAL_HCD_HC_ClearHubInfo
                0x0800258a       0x18 ./Drivers/STM32F4xx_HAL_Driver/Src/stm32f4xx_hal_hcd.o
                0x0800258a                HAL_HCD_HC_ClearHubInfo
 .text.HAL_HCD_HC_Init
                0x080025a2       0xca ./Drivers/STM32F4xx_HAL_Driver/Src/stm32f4xx_hal_hcd.o
                0x080025a2                HAL_HCD_HC_Init
 .text.HAL_RCC_OscConfig
                0x0800266c      0x3f8 ./Drivers/STM32F4xx_HAL_Driver/Src/stm32f4xx_hal_rcc.o
                0x0800266c                HAL_RCC_OscConfig
 .text.HAL_RCC_GetSysClockFreq
                0x08002a64       0xdc ./Drivers/STM32F4xx_HAL_Driver/Src/stm32f4xx_hal_rcc.o
                0x08002a64                HAL_RCC_GetSysClockFreq
 .text.HAL_RCC_ClockConfig
                0x08002b40      0x160 ./Drivers/STM32F4xx_HAL_Driver/Src/stm32f4xx_hal_rcc.o
                0x08002b40                HAL_RCC_ClockConfig
 .text.HAL_RCC_GetHCLKFreq
                0x08002ca0        0xc ./Drivers/STM32F4xx_HAL_Driver/Src/stm32f4xx_hal_rcc.o
                0x08002ca0                HAL_RCC_GetHCLKFreq
 .text.HAL_RCC_GetPCLK1Freq
                0x08002cac       0x20 ./Drivers/STM32F4xx_HAL_Driver/Src/stm32f4xx_hal_rcc.o
                0x08002cac                HAL_RCC_GetPCLK1Freq
 .text.HAL_RCC_GetPCLK2Freq
                0x08002ccc       0x20 ./Drivers/STM32F4xx_HAL_Driver/Src/stm32f4xx_hal_rcc.o
                0x08002ccc                HAL_RCC_GetPCLK2Freq
 .text.UART_EndRxTransfer
                0x08002cec       0x5c ./Drivers/STM32F4xx_HAL_Driver/Src/stm32f4xx_hal_uart.o
 .text.UART_SetConfig
                0x08002d48      0x110 ./Drivers/STM32F4xx_HAL_Driver/Src/stm32f4xx_hal_uart.o
 .text.UART_WaitOnFlagUntilTimeout
                0x08002e58       0x86 ./Drivers/STM32F4xx_HAL_Driver/Src/stm32f4xx_hal_uart.o
 .text.HAL_UART_Init
                0x08002ede       0x60 ./Drivers/STM32F4xx_HAL_Driver/Src/stm32f4xx_hal_uart.o
                0x08002ede                HAL_UART_Init
 .text.HAL_UART_Transmit
                0x08002f3e       0xcc ./Drivers/STM32F4xx_HAL_Driver/Src/stm32f4xx_hal_uart.o
                0x08002f3e                HAL_UART_Transmit
 .text.USB_CoreReset
                0x0800300a       0x58 ./Drivers/STM32F4xx_HAL_Driver/Src/stm32f4xx_ll_usb.o
 .text.USB_CoreInit
                0x08003062       0x92 ./Drivers/STM32F4xx_HAL_Driver/Src/stm32f4xx_ll_usb.o
                0x08003062                USB_CoreInit
 .text.USB_EnableGlobalInt
                0x080030f4        0xc ./Drivers/STM32F4xx_HAL_Driver/Src/stm32f4xx_ll_usb.o
                0x080030f4                USB_EnableGlobalInt
 .text.USB_DisableGlobalInt
                0x08003100        0xc ./Drivers/STM32F4xx_HAL_Driver/Src/stm32f4xx_ll_usb.o
                0x08003100                USB_DisableGlobalInt
 .text.USB_FlushTxFifo
                0x0800310c       0x4a ./Drivers/STM32F4xx_HAL_Driver/Src/stm32f4xx_ll_usb.o
                0x0800310c                USB_FlushTxFifo
 .text.USB_FlushRxFifo
                0x08003156       0x46 ./Drivers/STM32F4xx_HAL_Driver/Src/stm32f4xx_ll_usb.o
                0x08003156                USB_FlushRxFifo
 .text.USB_WritePacket
                0x0800319c       0x2e ./Drivers/STM32F4xx_HAL_Driver/Src/stm32f4xx_ll_usb.o
                0x0800319c                USB_WritePacket
 .text.USB_ReadPacket
                0x080031ca       0x46 ./Drivers/STM32F4xx_HAL_Driver/Src/stm32f4xx_ll_usb.o
                0x080031ca                USB_ReadPacket
 .text.USB_ReadInterrupts
                0x08003210        0x8 ./Drivers/STM32F4xx_HAL_Driver/Src/stm32f4xx_ll_usb.o
                0x08003210                USB_ReadInterrupts
 .text.USB_ReadChInterrupts
                0x08003218       0x12 ./Drivers/STM32F4xx_HAL_Driver/Src/stm32f4xx_ll_usb.o
                0x08003218                USB_ReadChInterrupts
 .text.USB_GetMode
                0x0800322a        0x8 ./Drivers/STM32F4xx_HAL_Driver/Src/stm32f4xx_ll_usb.o
                0x0800322a                USB_GetMode
 .text.USB_SetCurrentMode
                0x08003232       0x62 ./Drivers/STM32F4xx_HAL_Driver/Src/stm32f4xx_ll_usb.o
                0x08003232                USB_SetCurrentMode
 .text.USB_HostInit
                0x08003294      0x100 ./Drivers/STM32F4xx_HAL_Driver/Src/stm32f4xx_ll_usb.o
                0x08003294                USB_HostInit
 .text.USB_InitFSLSPClkSel
                0x08003394       0x42 ./Drivers/STM32F4xx_HAL_Driver/Src/stm32f4xx_ll_usb.o
                0x08003394                USB_InitFSLSPClkSel
 .text.USB_ResetPort
                0x080033d6       0x3e ./Drivers/STM32F4xx_HAL_Driver/Src/stm32f4xx_ll_usb.o
                0x080033d6                USB_ResetPort
 .text.USB_DriveVbus
                0x08003414       0x46 ./Drivers/STM32F4xx_HAL_Driver/Src/stm32f4xx_ll_usb.o
                0x08003414                USB_DriveVbus
 .text.USB_GetHostSpeed
                0x0800345a       0x16 ./Drivers/STM32F4xx_HAL_Driver/Src/stm32f4xx_ll_usb.o
                0x0800345a                USB_GetHostSpeed
 .text.USB_GetCurrentFrame
                0x08003470        0xa ./Drivers/STM32F4xx_HAL_Driver/Src/stm32f4xx_ll_usb.o
                0x08003470                USB_GetCurrentFrame
 *fill*         0x0800347a        0x2 
 .text.USB_HC_Init
                0x0800347c      0x130 ./Drivers/STM32F4xx_HAL_Driver/Src/stm32f4xx_ll_usb.o
                0x0800347c                USB_HC_Init
 .text.USB_HC_ReadInterrupt
                0x080035ac        0xa ./Drivers/STM32F4xx_HAL_Driver/Src/stm32f4xx_ll_usb.o
                0x080035ac                USB_HC_ReadInterrupt
 .text.USB_HC_Halt
                0x080035b6       0xfc ./Drivers/STM32F4xx_HAL_Driver/Src/stm32f4xx_ll_usb.o
                0x080035b6                USB_HC_Halt
 *fill*         0x080036b2        0x2 
 .text.USB_DoPing
                0x080036b4       0x24 ./Drivers/STM32F4xx_HAL_Driver/Src/stm32f4xx_ll_usb.o
                0x080036b4                USB_DoPing
 .text.USB_HC_StartXfer
                0x080036d8      0x2b4 ./Drivers/STM32F4xx_HAL_Driver/Src/stm32f4xx_ll_usb.o
                0x080036d8                USB_HC_StartXfer
 .text.USB_StopHost
                0x0800398c       0x92 ./Drivers/STM32F4xx_HAL_Driver/Src/stm32f4xx_ll_usb.o
                0x0800398c                USB_StopHost
 *fill*         0x08003a1e        0x2 
 .text.MX_FATFS_Init
                0x08003a20       0x1c ./FATFS/App/fatfs.o
                0x08003a20                MX_FATFS_Init
 .text.get_fattime
                0x08003a3c        0x4 ./FATFS/App/fatfs.o
                0x08003a3c                get_fattime
 .text.USBH_initialize
                0x08003a40        0x4 ./FATFS/Target/usbh_diskio.o
                0x08003a40                USBH_initialize
 .text.USBH_status
                0x08003a44       0x18 ./FATFS/Target/usbh_diskio.o
                0x08003a44                USBH_status
 .text.USBH_ioctl
                0x08003a5c       0x6c ./FATFS/Target/usbh_diskio.o
                0x08003a5c                USBH_ioctl
 .text.USBH_read
                0x08003ac8       0x58 ./FATFS/Target/usbh_diskio.o
                0x08003ac8                USBH_read
 .text.USBH_write
                0x08003b20       0x7c ./FATFS/Target/usbh_diskio.o
                0x08003b20                USBH_write
 .text.USBH_MSC_SOFProcess
                0x08003b9c        0x4 ./Middlewares/ST/STM32_USB_Host_Library/Class/MSC/Src/usbh_msc.o
 .text.USBH_MSC_Process
                0x08003ba0      0x460 ./Middlewares/ST/STM32_USB_Host_Library/Class/MSC/Src/usbh_msc.o
 .text.USBH_MSC_ClassRequest
                0x08004000       0x88 ./Middlewares/ST/STM32_USB_Host_Library/Class/MSC/Src/usbh_msc.o
 .text.USBH_MSC_InterfaceDeInit
                0x08004088       0x50 ./Middlewares/ST/STM32_USB_Host_Library/Class/MSC/Src/usbh_msc.o
 .text.USBH_MSC_InterfaceInit
                0x080040d8      0x17c ./Middlewares/ST/STM32_USB_Host_Library/Class/MSC/Src/usbh_msc.o
 .text.USBH_MSC_RdWrProcess
                0x08004254      0x148 ./Middlewares/ST/STM32_USB_Host_Library/Class/MSC/Src/usbh_msc.o
 .text.USBH_MSC_UnitIsReady
                0x0800439c       0x2a ./Middlewares/ST/STM32_USB_Host_Library/Class/MSC/Src/usbh_msc.o
                0x0800439c                USBH_MSC_UnitIsReady
 .text.USBH_MSC_GetLUNInfo
                0x080043c6       0x4e ./Middlewares/ST/STM32_USB_Host_Library/Class/MSC/Src/usbh_msc.o
                0x080043c6                USBH_MSC_GetLUNInfo
 .text.USBH_MSC_Read
                0x08004414       0x8a ./Middlewares/ST/STM32_USB_Host_Library/Class/MSC/Src/usbh_msc.o
                0x08004414                USBH_MSC_Read
 .text.USBH_MSC_Write
                0x0800449e       0x8a ./Middlewares/ST/STM32_USB_Host_Library/Class/MSC/Src/usbh_msc.o
                0x0800449e                USBH_MSC_Write
 .text.USBH_MSC_DecodeCSW
                0x08004528       0x48 ./Middlewares/ST/STM32_USB_Host_Library/Class/MSC/Src/usbh_msc_bot.o
 .text.USBH_MSC_BOT_Abort
                0x08004570       0x22 ./Middlewares/ST/STM32_USB_Host_Library/Class/MSC/Src/usbh_msc_bot.o
 .text.USBH_MSC_BOT_REQ_Reset
                0x08004592       0x1a ./Middlewares/ST/STM32_USB_Host_Library/Class/MSC/Src/usbh_msc_bot.o
                0x08004592                USBH_MSC_BOT_REQ_Reset
 .text.USBH_MSC_BOT_REQ_GetMaxLUN
                0x080045ac       0x1a ./Middlewares/ST/STM32_USB_Host_Library/Class/MSC/Src/usbh_msc_bot.o
                0x080045ac                USBH_MSC_BOT_REQ_GetMaxLUN
 *fill*         0x080045c6        0x2 
 .text.USBH_MSC_BOT_Init
                0x080045c8       0x24 ./Middlewares/ST/STM32_USB_Host_Library/Class/MSC/Src/usbh_msc_bot.o
                0x080045c8                USBH_MSC_BOT_Init
 .text.USBH_MSC_BOT_Process
                0x080045ec      0x256 ./Middlewares/ST/STM32_USB_Host_Library/Class/MSC/Src/usbh_msc_bot.o
                0x080045ec                USBH_MSC_BOT_Process
 .text.USBH_MSC_SCSI_TestUnitReady
                0x08004842       0x4e ./Middlewares/ST/STM32_USB_Host_Library/Class/MSC/Src/usbh_msc_scsi.o
                0x08004842                USBH_MSC_SCSI_TestUnitReady
 .text.USBH_MSC_SCSI_ReadCapacity
                0x08004890       0x8e ./Middlewares/ST/STM32_USB_Host_Library/Class/MSC/Src/usbh_msc_scsi.o
                0x08004890                USBH_MSC_SCSI_ReadCapacity
 .text.USBH_MSC_SCSI_Inquiry
                0x0800491e       0xcc ./Middlewares/ST/STM32_USB_Host_Library/Class/MSC/Src/usbh_msc_scsi.o
                0x0800491e                USBH_MSC_SCSI_Inquiry
 *fill*         0x080049ea        0x2 
 .text.USBH_MSC_SCSI_RequestSense
                0x080049ec       0xa4 ./Middlewares/ST/STM32_USB_Host_Library/Class/MSC/Src/usbh_msc_scsi.o
                0x080049ec                USBH_MSC_SCSI_RequestSense
 .text.USBH_MSC_SCSI_Write
                0x08004a90       0x94 ./Middlewares/ST/STM32_USB_Host_Library/Class/MSC/Src/usbh_msc_scsi.o
                0x08004a90                USBH_MSC_SCSI_Write
 .text.USBH_MSC_SCSI_Read
                0x08004b24       0x94 ./Middlewares/ST/STM32_USB_Host_Library/Class/MSC/Src/usbh_msc_scsi.o
                0x08004b24                USBH_MSC_SCSI_Read
 .text.USBH_HandleSof
                0x08004bb8       0x1a ./Middlewares/ST/STM32_USB_Host_Library/Core/Src/usbh_core.o
 .text.DeInitStateMachine
                0x08004bd2       0x94 ./Middlewares/ST/STM32_USB_Host_Library/Core/Src/usbh_core.o
 *fill*         0x08004c66        0x2 
 .text.USBH_HandleEnum
                0x08004c68      0x3ec ./Middlewares/ST/STM32_USB_Host_Library/Core/Src/usbh_core.o
 .text.USBH_Init
                0x08005054       0x58 ./Middlewares/ST/STM32_USB_Host_Library/Core/Src/usbh_core.o
                0x08005054                USBH_Init
 .text.USBH_RegisterClass
                0x080050ac       0x54 ./Middlewares/ST/STM32_USB_Host_Library/Core/Src/usbh_core.o
                0x080050ac                USBH_RegisterClass
 .text.USBH_SelectInterface
                0x08005100       0x88 ./Middlewares/ST/STM32_USB_Host_Library/Core/Src/usbh_core.o
                0x08005100                USBH_SelectInterface
 .text.USBH_FindInterface
                0x08005188       0x54 ./Middlewares/ST/STM32_USB_Host_Library/Core/Src/usbh_core.o
                0x08005188                USBH_FindInterface
 .text.USBH_Start
                0x080051dc       0x14 ./Middlewares/ST/STM32_USB_Host_Library/Core/Src/usbh_core.o
                0x080051dc                USBH_Start
 .text.USBH_Process
                0x080051f0      0x3a4 ./Middlewares/ST/STM32_USB_Host_Library/Core/Src/usbh_core.o
                0x080051f0                USBH_Process
 .text.USBH_LL_SetTimer
                0x08005594        0x6 ./Middlewares/ST/STM32_USB_Host_Library/Core/Src/usbh_core.o
                0x08005594                USBH_LL_SetTimer
 .text.USBH_LL_IncTimer
                0x0800559a       0x12 ./Middlewares/ST/STM32_USB_Host_Library/Core/Src/usbh_core.o
                0x0800559a                USBH_LL_IncTimer
 .text.USBH_LL_PortEnabled
                0x080055ac        0x8 ./Middlewares/ST/STM32_USB_Host_Library/Core/Src/usbh_core.o
                0x080055ac                USBH_LL_PortEnabled
 .text.USBH_LL_PortDisabled
                0x080055b4        0xe ./Middlewares/ST/STM32_USB_Host_Library/Core/Src/usbh_core.o
                0x080055b4                USBH_LL_PortDisabled
 .text.USBH_LL_Connect
                0x080055c2       0x14 ./Middlewares/ST/STM32_USB_Host_Library/Core/Src/usbh_core.o
                0x080055c2                USBH_LL_Connect
 .text.USBH_LL_Disconnect
                0x080055d6       0x2c ./Middlewares/ST/STM32_USB_Host_Library/Core/Src/usbh_core.o
                0x080055d6                USBH_LL_Disconnect
 *fill*         0x08005602        0x2 
 .text.USBH_ParseDevDesc
                0x08005604       0xf4 ./Middlewares/ST/STM32_USB_Host_Library/Core/Src/usbh_ctlreq.o
 .text.USBH_ParseInterfaceDesc
                0x080056f8       0x26 ./Middlewares/ST/STM32_USB_Host_Library/Core/Src/usbh_ctlreq.o
 .text.USBH_ParseEPDesc
                0x0800571e       0xe4 ./Middlewares/ST/STM32_USB_Host_Library/Core/Src/usbh_ctlreq.o
 .text.USBH_ParseStringDesc
                0x08005802       0x32 ./Middlewares/ST/STM32_USB_Host_Library/Core/Src/usbh_ctlreq.o
 .text.USBH_HandleControl
                0x08005834      0x1f4 ./Middlewares/ST/STM32_USB_Host_Library/Core/Src/usbh_ctlreq.o
 .text.USBH_GetNextDesc
                0x08005a28        0xe ./Middlewares/ST/STM32_USB_Host_Library/Core/Src/usbh_ctlreq.o
                0x08005a28                USBH_GetNextDesc
 .text.USBH_ParseCfgDesc
                0x08005a36      0x182 ./Middlewares/ST/STM32_USB_Host_Library/Core/Src/usbh_ctlreq.o
 .text.USBH_CtlReq
                0x08005bb8       0x40 ./Middlewares/ST/STM32_USB_Host_Library/Core/Src/usbh_ctlreq.o
                0x08005bb8                USBH_CtlReq
 .text.USBH_GetDescriptor
                0x08005bf8       0x42 ./Middlewares/ST/STM32_USB_Host_Library/Core/Src/usbh_ctlreq.o
                0x08005bf8                USBH_GetDescriptor
 *fill*         0x08005c3a        0x2 
 .text.USBH_Get_DevDesc
                0x08005c3c       0x50 ./Middlewares/ST/STM32_USB_Host_Library/Core/Src/usbh_ctlreq.o
                0x08005c3c                USBH_Get_DevDesc
 .text.USBH_Get_CfgDesc
                0x08005c8c       0x50 ./Middlewares/ST/STM32_USB_Host_Library/Core/Src/usbh_ctlreq.o
                0x08005c8c                USBH_Get_CfgDesc
 .text.USBH_Get_StringDesc
                0x08005cdc       0x58 ./Middlewares/ST/STM32_USB_Host_Library/Core/Src/usbh_ctlreq.o
                0x08005cdc                USBH_Get_StringDesc
 .text.USBH_SetAddress
                0x08005d34       0x22 ./Middlewares/ST/STM32_USB_Host_Library/Core/Src/usbh_ctlreq.o
                0x08005d34                USBH_SetAddress
 .text.USBH_SetCfg
                0x08005d56       0x22 ./Middlewares/ST/STM32_USB_Host_Library/Core/Src/usbh_ctlreq.o
                0x08005d56                USBH_SetCfg
 .text.USBH_SetFeature
                0x08005d78       0x22 ./Middlewares/ST/STM32_USB_Host_Library/Core/Src/usbh_ctlreq.o
                0x08005d78                USBH_SetFeature
 .text.USBH_ClrFeature
                0x08005d9a       0x24 ./Middlewares/ST/STM32_USB_Host_Library/Core/Src/usbh_ctlreq.o
                0x08005d9a                USBH_ClrFeature
 .text.USBH_CtlSendSetup
                0x08005dbe       0x22 ./Middlewares/ST/STM32_USB_Host_Library/Core/Src/usbh_ioreq.o
                0x08005dbe                USBH_CtlSendSetup
 .text.USBH_CtlSendData
                0x08005de0       0x2c ./Middlewares/ST/STM32_USB_Host_Library/Core/Src/usbh_ioreq.o
                0x08005de0                USBH_CtlSendData
 .text.USBH_CtlReceiveData
                0x08005e0c       0x20 ./Middlewares/ST/STM32_USB_Host_Library/Core/Src/usbh_ioreq.o
                0x08005e0c                USBH_CtlReceiveData
 .text.USBH_BulkSendData
                0x08005e2c       0x2c ./Middlewares/ST/STM32_USB_Host_Library/Core/Src/usbh_ioreq.o
                0x08005e2c                USBH_BulkSendData
 .text.USBH_BulkReceiveData
                0x08005e58       0x20 ./Middlewares/ST/STM32_USB_Host_Library/Core/Src/usbh_ioreq.o
                0x08005e58                USBH_BulkReceiveData
 .text.USBH_GetFreePipe
                0x08005e78       0x26 ./Middlewares/ST/STM32_USB_Host_Library/Core/Src/usbh_pipes.o
 .text.USBH_OpenPipe
                0x08005e9e       0x20 ./Middlewares/ST/STM32_USB_Host_Library/Core/Src/usbh_pipes.o
                0x08005e9e                USBH_OpenPipe
 .text.USBH_ClosePipe
                0x08005ebe        0xa ./Middlewares/ST/STM32_USB_Host_Library/Core/Src/usbh_pipes.o
                0x08005ebe                USBH_ClosePipe
 .text.USBH_AllocPipe
                0x08005ec8       0x26 ./Middlewares/ST/STM32_USB_Host_Library/Core/Src/usbh_pipes.o
                0x08005ec8                USBH_AllocPipe
 .text.USBH_FreePipe
                0x08005eee       0x16 ./Middlewares/ST/STM32_USB_Host_Library/Core/Src/usbh_pipes.o
                0x08005eee                USBH_FreePipe
 .text.disk_status
                0x08005f04       0x18 ./Middlewares/Third_Party/FatFs/src/diskio.o
                0x08005f04                disk_status
 .text.disk_initialize
                0x08005f1c       0x2c ./Middlewares/Third_Party/FatFs/src/diskio.o
                0x08005f1c                disk_initialize
 .text.disk_read
                0x08005f48       0x18 ./Middlewares/Third_Party/FatFs/src/diskio.o
                0x08005f48                disk_read
 .text.disk_write
                0x08005f60       0x18 ./Middlewares/Third_Party/FatFs/src/diskio.o
                0x08005f60                disk_write
 .text.disk_ioctl
                0x08005f78       0x18 ./Middlewares/Third_Party/FatFs/src/diskio.o
                0x08005f78                disk_ioctl
 .text.ld_word  0x08005f90        0xa ./Middlewares/Third_Party/FatFs/src/ff.o
 .text.ld_dword
                0x08005f9a       0x16 ./Middlewares/Third_Party/FatFs/src/ff.o
 .text.st_word  0x08005fb0        0x8 ./Middlewares/Third_Party/FatFs/src/ff.o
 .text.st_dword
                0x08005fb8       0x14 ./Middlewares/Third_Party/FatFs/src/ff.o
 .text.mem_cpy  0x08005fcc       0x14 ./Middlewares/Third_Party/FatFs/src/ff.o
 .text.mem_set  0x08005fe0        0xa ./Middlewares/Third_Party/FatFs/src/ff.o
 .text.mem_cmp  0x08005fea       0x1a ./Middlewares/Third_Party/FatFs/src/ff.o
 .text.chk_chr  0x08006004       0x10 ./Middlewares/Third_Party/FatFs/src/ff.o
 .text.chk_lock
                0x08006014       0x74 ./Middlewares/Third_Party/FatFs/src/ff.o
 .text.enq_lock
                0x08006088       0x20 ./Middlewares/Third_Party/FatFs/src/ff.o
 .text.inc_lock
                0x080060a8       0xa0 ./Middlewares/Third_Party/FatFs/src/ff.o
 .text.dec_lock
                0x08006148       0x40 ./Middlewares/Third_Party/FatFs/src/ff.o
 .text.clear_lock
                0x08006188       0x3c ./Middlewares/Third_Party/FatFs/src/ff.o
 .text.clust2sect
                0x080061c4       0x18 ./Middlewares/Third_Party/FatFs/src/ff.o
 .text.clmt_clust
                0x080061dc       0x26 ./Middlewares/Third_Party/FatFs/src/ff.o
 .text.ld_clust
                0x08006202       0x26 ./Middlewares/Third_Party/FatFs/src/ff.o
 .text.st_clust
                0x08006228       0x26 ./Middlewares/Third_Party/FatFs/src/ff.o
 *fill*         0x0800624e        0x2 
 .text.create_name
                0x08006250       0xcc ./Middlewares/Third_Party/FatFs/src/ff.o
 .text.get_ldnumber
                0x0800631c       0x54 ./Middlewares/Third_Party/FatFs/src/ff.o
 .text.validate
                0x08006370       0x46 ./Middlewares/Third_Party/FatFs/src/ff.o
 .text.sync_window
                0x080063b6       0x54 ./Middlewares/Third_Party/FatFs/src/ff.o
 .text.move_window
                0x0800640a       0x36 ./Middlewares/Third_Party/FatFs/src/ff.o
 .text.check_fs
                0x08006440       0x78 ./Middlewares/Third_Party/FatFs/src/ff.o
 .text.find_volume
                0x080064b8      0x34c ./Middlewares/Third_Party/FatFs/src/ff.o
 .text.put_fat  0x08006804      0x136 ./Middlewares/Third_Party/FatFs/src/ff.o
 .text.get_fat  0x0800693a       0xfc ./Middlewares/Third_Party/FatFs/src/ff.o
 .text.dir_sdi  0x08006a36       0xc0 ./Middlewares/Third_Party/FatFs/src/ff.o
 .text.create_chain
                0x08006af6       0xcc ./Middlewares/Third_Party/FatFs/src/ff.o
 .text.remove_chain
                0x08006bc2       0x7e ./Middlewares/Third_Party/FatFs/src/ff.o
 .text.dir_next
                0x08006c40      0x118 ./Middlewares/Third_Party/FatFs/src/ff.o
 .text.dir_find
                0x08006d58       0x5a ./Middlewares/Third_Party/FatFs/src/ff.o
 .text.follow_path
                0x08006db2       0x92 ./Middlewares/Third_Party/FatFs/src/ff.o
 .text.dir_alloc
                0x08006e44       0x50 ./Middlewares/Third_Party/FatFs/src/ff.o
 .text.dir_register
                0x08006e94       0x3e ./Middlewares/Third_Party/FatFs/src/ff.o
 *fill*         0x08006ed2        0x2 
 .text.sync_fs  0x08006ed4       0x88 ./Middlewares/Third_Party/FatFs/src/ff.o
 .text.f_mount  0x08006f5c       0x5c ./Middlewares/Third_Party/FatFs/src/ff.o
                0x08006f5c                f_mount
 .text.f_open   0x08006fb8      0x234 ./Middlewares/Third_Party/FatFs/src/ff.o
                0x08006fb8                f_open
 .text.f_read   0x080071ec      0x1d8 ./Middlewares/Third_Party/FatFs/src/ff.o
                0x080071ec                f_read
 .text.f_write  0x080073c4      0x210 ./Middlewares/Third_Party/FatFs/src/ff.o
                0x080073c4                f_write
 .text.f_sync   0x080075d4       0x98 ./Middlewares/Third_Party/FatFs/src/ff.o
                0x080075d4                f_sync
 .text.f_close  0x0800766c       0x2a ./Middlewares/Third_Party/FatFs/src/ff.o
                0x0800766c                f_close
 .text.f_getfree
                0x08007696       0xde ./Middlewares/Third_Party/FatFs/src/ff.o
                0x08007696                f_getfree
 .text.FATFS_LinkDriverEx
                0x08007774       0x54 ./Middlewares/Third_Party/FatFs/src/ff_gen_drv.o
                0x08007774                FATFS_LinkDriverEx
 .text.FATFS_LinkDriver
                0x080077c8        0xa ./Middlewares/Third_Party/FatFs/src/ff_gen_drv.o
                0x080077c8                FATFS_LinkDriver
 *fill*         0x080077d2        0x2 
 .text.FATFS_UnLinkDriverEx
                0x080077d4       0x3c ./Middlewares/Third_Party/FatFs/src/ff_gen_drv.o
                0x080077d4                FATFS_UnLinkDriverEx
 .text.FATFS_UnLinkDriver
                0x08007810        0xa ./Middlewares/Third_Party/FatFs/src/ff_gen_drv.o
                0x08007810                FATFS_UnLinkDriver
 *fill*         0x0800781a        0x2 
 .text.USBH_UserProcess
                0x0800781c       0x2c ./USB_HOST/App/usb_host.o
 .text.MX_USB_HOST_Init
                0x08007848       0x40 ./USB_HOST/App/usb_host.o
                0x08007848                MX_USB_HOST_Init
 .text.MX_USB_HOST_Process
                0x08007888       0x10 ./USB_HOST/App/usb_host.o
                0x08007888                MX_USB_HOST_Process
 .text.HAL_HCD_MspInit
                0x08007898       0x98 ./USB_HOST/Target/usbh_conf.o
                0x08007898                HAL_HCD_MspInit
 .text.HAL_HCD_SOF_Callback
                0x08007930        0xc ./USB_HOST/Target/usbh_conf.o
                0x08007930                HAL_HCD_SOF_Callback
 .text.HAL_HCD_Connect_Callback
                0x0800793c        0xc ./USB_HOST/Target/usbh_conf.o
                0x0800793c                HAL_HCD_Connect_Callback
 .text.HAL_HCD_Disconnect_Callback
                0x08007948        0xc ./USB_HOST/Target/usbh_conf.o
                0x08007948                HAL_HCD_Disconnect_Callback
 .text.HAL_HCD_HC_NotifyURBChange_Callback
                0x08007954        0x2 ./USB_HOST/Target/usbh_conf.o
                0x08007954                HAL_HCD_HC_NotifyURBChange_Callback
 .text.HAL_HCD_PortEnabled_Callback
                0x08007956        0xc ./USB_HOST/Target/usbh_conf.o
                0x08007956                HAL_HCD_PortEnabled_Callback
 .text.HAL_HCD_PortDisabled_Callback
                0x08007962        0xc ./USB_HOST/Target/usbh_conf.o
                0x08007962                HAL_HCD_PortDisabled_Callback
 *fill*         0x0800796e        0x2 
 .text.USBH_LL_Init
                0x08007970       0x54 ./USB_HOST/Target/usbh_conf.o
                0x08007970                USBH_LL_Init
 .text.USBH_LL_GetSpeed
                0x080079c4       0x20 ./USB_HOST/Target/usbh_conf.o
                0x080079c4                USBH_LL_GetSpeed
 .text.USBH_LL_GetLastXferSize
                0x080079e4        0xc ./USB_HOST/Target/usbh_conf.o
                0x080079e4                USBH_LL_GetLastXferSize
 .text.USBH_LL_ClosePipe
                0x080079f0        0x4 ./USB_HOST/Target/usbh_conf.o
                0x080079f0                USBH_LL_ClosePipe
 .text.USBH_LL_GetURBState
                0x080079f4        0xc ./USB_HOST/Target/usbh_conf.o
                0x080079f4                USBH_LL_GetURBState
 .text.USBH_LL_DriverVBUS
                0x08007a00       0x1c ./USB_HOST/Target/usbh_conf.o
                0x08007a00                USBH_LL_DriverVBUS
 .text.USBH_LL_SetToggle
                0x08007a1c       0x2e ./USB_HOST/Target/usbh_conf.o
                0x08007a1c                USBH_LL_SetToggle
 .text.USBH_LL_GetToggle
                0x08007a4a       0x2c ./USB_HOST/Target/usbh_conf.o
                0x08007a4a                USBH_LL_GetToggle
 .text.USBH_Delay
                0x08007a76        0x8 ./USB_HOST/Target/usbh_conf.o
                0x08007a76                USBH_Delay
 .text.USBH_Get_USB_Status
                0x08007a7e       0x14 ./USB_HOST/Target/usbh_conf.o
                0x08007a7e                USBH_Get_USB_Status
 .text.USBH_LL_Start
                0x08007a92       0x10 ./USB_HOST/Target/usbh_conf.o
                0x08007a92                USBH_LL_Start
 .text.USBH_LL_Stop
                0x08007aa2       0x10 ./USB_HOST/Target/usbh_conf.o
                0x08007aa2                USBH_LL_Stop
 .text.USBH_LL_ResetPort
                0x08007ab2       0x10 ./USB_HOST/Target/usbh_conf.o
                0x08007ab2                USBH_LL_ResetPort
 .text.USBH_LL_OpenPipe
                0x08007ac2       0x26 ./USB_HOST/Target/usbh_conf.o
                0x08007ac2                USBH_LL_OpenPipe
 .text.USBH_LL_SubmitURB
                0x08007ae8       0x2a ./USB_HOST/Target/usbh_conf.o
                0x08007ae8                USBH_LL_SubmitURB
 *fill*         0x08007b12        0x2 
 .text.MX_DriverVbusFS
                0x08007b14       0x18 ./USB_HOST/Target/usbh_platform.o
                0x08007b14                MX_DriverVbusFS
 .text.malloc   0x08007b2c       0x10 C:/ST/STM32CubeIDE_1.19.0/STM32CubeIDE/plugins/com.st.stm32cube.ide.mcu.externaltools.gnu-tools-for-stm32.13.3.rel1.win32_1.0.0.202411081344/tools/bin/../lib/gcc/arm-none-eabi/13.3.1/../../../../arm-none-eabi/lib/thumb/v7e-m+fp/hard\libc_nano.a(libc_a-malloc.o)
                0x08007b2c                malloc
 .text.free     0x08007b3c       0x10 C:/ST/STM32CubeIDE_1.19.0/STM32CubeIDE/plugins/com.st.stm32cube.ide.mcu.externaltools.gnu-tools-for-stm32.13.3.rel1.win32_1.0.0.202411081344/tools/bin/../lib/gcc/arm-none-eabi/13.3.1/../../../../arm-none-eabi/lib/thumb/v7e-m+fp/hard\libc_nano.a(libc_a-malloc.o)
                0x08007b3c                free
 .text.sbrk_aligned
                0x08007b4c       0x44 C:/ST/STM32CubeIDE_1.19.0/STM32CubeIDE/plugins/com.st.stm32cube.ide.mcu.externaltools.gnu-tools-for-stm32.13.3.rel1.win32_1.0.0.202411081344/tools/bin/../lib/gcc/arm-none-eabi/13.3.1/../../../../arm-none-eabi/lib/thumb/v7e-m+fp/hard\libc_nano.a(libc_a-mallocr.o)
 .text._malloc_r
                0x08007b90      0x100 C:/ST/STM32CubeIDE_1.19.0/STM32CubeIDE/plugins/com.st.stm32cube.ide.mcu.externaltools.gnu-tools-for-stm32.13.3.rel1.win32_1.0.0.202411081344/tools/bin/../lib/gcc/arm-none-eabi/13.3.1/../../../../arm-none-eabi/lib/thumb/v7e-m+fp/hard\libc_nano.a(libc_a-mallocr.o)
                0x08007b90                _malloc_r
 .text.__malloc_lock
                0x08007c90        0xc C:/ST/STM32CubeIDE_1.19.0/STM32CubeIDE/plugins/com.st.stm32cube.ide.mcu.externaltools.gnu-tools-for-stm32.13.3.rel1.win32_1.0.0.202411081344/tools/bin/../lib/gcc/arm-none-eabi/13.3.1/../../../../arm-none-eabi/lib/thumb/v7e-m+fp/hard\libc_nano.a(libc_a-mlock.o)
                0x08007c90                __malloc_lock
 .text.__malloc_unlock
                0x08007c9c        0xc C:/ST/STM32CubeIDE_1.19.0/STM32CubeIDE/plugins/com.st.stm32cube.ide.mcu.externaltools.gnu-tools-for-stm32.13.3.rel1.win32_1.0.0.202411081344/tools/bin/../lib/gcc/arm-none-eabi/13.3.1/../../../../arm-none-eabi/lib/thumb/v7e-m+fp/hard\libc_nano.a(libc_a-mlock.o)
                0x08007c9c                __malloc_unlock
 .text.std      0x08007ca8       0x6c C:/ST/STM32CubeIDE_1.19.0/STM32CubeIDE/plugins/com.st.stm32cube.ide.mcu.externaltools.gnu-tools-for-stm32.13.3.rel1.win32_1.0.0.202411081344/tools/bin/../lib/gcc/arm-none-eabi/13.3.1/../../../../arm-none-eabi/lib/thumb/v7e-m+fp/hard\libc_nano.a(libc_a-findfp.o)
 .text.stdio_exit_handler
                0x08007d14       0x18 C:/ST/STM32CubeIDE_1.19.0/STM32CubeIDE/plugins/com.st.stm32cube.ide.mcu.externaltools.gnu-tools-for-stm32.13.3.rel1.win32_1.0.0.202411081344/tools/bin/../lib/gcc/arm-none-eabi/13.3.1/../../../../arm-none-eabi/lib/thumb/v7e-m+fp/hard\libc_nano.a(libc_a-findfp.o)
 .text.cleanup_stdio
                0x08007d2c       0x40 C:/ST/STM32CubeIDE_1.19.0/STM32CubeIDE/plugins/com.st.stm32cube.ide.mcu.externaltools.gnu-tools-for-stm32.13.3.rel1.win32_1.0.0.202411081344/tools/bin/../lib/gcc/arm-none-eabi/13.3.1/../../../../arm-none-eabi/lib/thumb/v7e-m+fp/hard\libc_nano.a(libc_a-findfp.o)
 .text.global_stdio_init.part.0
                0x08007d6c       0x3c C:/ST/STM32CubeIDE_1.19.0/STM32CubeIDE/plugins/com.st.stm32cube.ide.mcu.externaltools.gnu-tools-for-stm32.13.3.rel1.win32_1.0.0.202411081344/tools/bin/../lib/gcc/arm-none-eabi/13.3.1/../../../../arm-none-eabi/lib/thumb/v7e-m+fp/hard\libc_nano.a(libc_a-findfp.o)
 .text.__sfp_lock_acquire
                0x08007da8        0xc C:/ST/STM32CubeIDE_1.19.0/STM32CubeIDE/plugins/com.st.stm32cube.ide.mcu.externaltools.gnu-tools-for-stm32.13.3.rel1.win32_1.0.0.202411081344/tools/bin/../lib/gcc/arm-none-eabi/13.3.1/../../../../arm-none-eabi/lib/thumb/v7e-m+fp/hard\libc_nano.a(libc_a-findfp.o)
                0x08007da8                __sfp_lock_acquire
 .text.__sfp_lock_release
                0x08007db4        0xc C:/ST/STM32CubeIDE_1.19.0/STM32CubeIDE/plugins/com.st.stm32cube.ide.mcu.externaltools.gnu-tools-for-stm32.13.3.rel1.win32_1.0.0.202411081344/tools/bin/../lib/gcc/arm-none-eabi/13.3.1/../../../../arm-none-eabi/lib/thumb/v7e-m+fp/hard\libc_nano.a(libc_a-findfp.o)
                0x08007db4                __sfp_lock_release
 .text.__sinit  0x08007dc0       0x30 C:/ST/STM32CubeIDE_1.19.0/STM32CubeIDE/plugins/com.st.stm32cube.ide.mcu.externaltools.gnu-tools-for-stm32.13.3.rel1.win32_1.0.0.202411081344/tools/bin/../lib/gcc/arm-none-eabi/13.3.1/../../../../arm-none-eabi/lib/thumb/v7e-m+fp/hard\libc_nano.a(libc_a-findfp.o)
                0x08007dc0                __sinit
 .text._fwalk_sglue
                0x08007df0       0x3c C:/ST/STM32CubeIDE_1.19.0/STM32CubeIDE/plugins/com.st.stm32cube.ide.mcu.externaltools.gnu-tools-for-stm32.13.3.rel1.win32_1.0.0.202411081344/tools/bin/../lib/gcc/arm-none-eabi/13.3.1/../../../../arm-none-eabi/lib/thumb/v7e-m+fp/hard\libc_nano.a(libc_a-fwalk.o)
                0x08007df0                _fwalk_sglue
 .text.printf   0x08007e2c       0x24 C:/ST/STM32CubeIDE_1.19.0/STM32CubeIDE/plugins/com.st.stm32cube.ide.mcu.externaltools.gnu-tools-for-stm32.13.3.rel1.win32_1.0.0.202411081344/tools/bin/../lib/gcc/arm-none-eabi/13.3.1/../../../../arm-none-eabi/lib/thumb/v7e-m+fp/hard\libc_nano.a(libc_a-printf.o)
                0x08007e2c                iprintf
                0x08007e2c                printf
 .text.putchar  0x08007e50       0x10 C:/ST/STM32CubeIDE_1.19.0/STM32CubeIDE/plugins/com.st.stm32cube.ide.mcu.externaltools.gnu-tools-for-stm32.13.3.rel1.win32_1.0.0.202411081344/tools/bin/../lib/gcc/arm-none-eabi/13.3.1/../../../../arm-none-eabi/lib/thumb/v7e-m+fp/hard\libc_nano.a(libc_a-putchar.o)
                0x08007e50                putchar
 .text._puts_r  0x08007e60       0xaa C:/ST/STM32CubeIDE_1.19.0/STM32CubeIDE/plugins/com.st.stm32cube.ide.mcu.externaltools.gnu-tools-for-stm32.13.3.rel1.win32_1.0.0.202411081344/tools/bin/../lib/gcc/arm-none-eabi/13.3.1/../../../../arm-none-eabi/lib/thumb/v7e-m+fp/hard\libc_nano.a(libc_a-puts.o)
                0x08007e60                _puts_r
 *fill*         0x08007f0a        0x2 
 .text.puts     0x08007f0c       0x10 C:/ST/STM32CubeIDE_1.19.0/STM32CubeIDE/plugins/com.st.stm32cube.ide.mcu.externaltools.gnu-tools-for-stm32.13.3.rel1.win32_1.0.0.202411081344/tools/bin/../lib/gcc/arm-none-eabi/13.3.1/../../../../arm-none-eabi/lib/thumb/v7e-m+fp/hard\libc_nano.a(libc_a-puts.o)
                0x08007f0c                puts
 .text.__sread  0x08007f1c       0x22 C:/ST/STM32CubeIDE_1.19.0/STM32CubeIDE/plugins/com.st.stm32cube.ide.mcu.externaltools.gnu-tools-for-stm32.13.3.rel1.win32_1.0.0.202411081344/tools/bin/../lib/gcc/arm-none-eabi/13.3.1/../../../../arm-none-eabi/lib/thumb/v7e-m+fp/hard\libc_nano.a(libc_a-stdio.o)
                0x08007f1c                __sread
 .text.__swrite
                0x08007f3e       0x38 C:/ST/STM32CubeIDE_1.19.0/STM32CubeIDE/plugins/com.st.stm32cube.ide.mcu.externaltools.gnu-tools-for-stm32.13.3.rel1.win32_1.0.0.202411081344/tools/bin/../lib/gcc/arm-none-eabi/13.3.1/../../../../arm-none-eabi/lib/thumb/v7e-m+fp/hard\libc_nano.a(libc_a-stdio.o)
                0x08007f3e                __swrite
 .text.__sseek  0x08007f76       0x24 C:/ST/STM32CubeIDE_1.19.0/STM32CubeIDE/plugins/com.st.stm32cube.ide.mcu.externaltools.gnu-tools-for-stm32.13.3.rel1.win32_1.0.0.202411081344/tools/bin/../lib/gcc/arm-none-eabi/13.3.1/../../../../arm-none-eabi/lib/thumb/v7e-m+fp/hard\libc_nano.a(libc_a-stdio.o)
                0x08007f76                __sseek
 .text.__sclose
                0x08007f9a        0x8 C:/ST/STM32CubeIDE_1.19.0/STM32CubeIDE/plugins/com.st.stm32cube.ide.mcu.externaltools.gnu-tools-for-stm32.13.3.rel1.win32_1.0.0.202411081344/tools/bin/../lib/gcc/arm-none-eabi/13.3.1/../../../../arm-none-eabi/lib/thumb/v7e-m+fp/hard\libc_nano.a(libc_a-stdio.o)
                0x08007f9a                __sclose
 .text.__swbuf_r
                0x08007fa2       0x7c C:/ST/STM32CubeIDE_1.19.0/STM32CubeIDE/plugins/com.st.stm32cube.ide.mcu.externaltools.gnu-tools-for-stm32.13.3.rel1.win32_1.0.0.202411081344/tools/bin/../lib/gcc/arm-none-eabi/13.3.1/../../../../arm-none-eabi/lib/thumb/v7e-m+fp/hard\libc_nano.a(libc_a-wbuf.o)
                0x08007fa2                __swbuf_r
 *fill*         0x0800801e        0x2 
 .text.__swsetup_r
                0x08008020       0xac C:/ST/STM32CubeIDE_1.19.0/STM32CubeIDE/plugins/com.st.stm32cube.ide.mcu.externaltools.gnu-tools-for-stm32.13.3.rel1.win32_1.0.0.202411081344/tools/bin/../lib/gcc/arm-none-eabi/13.3.1/../../../../arm-none-eabi/lib/thumb/v7e-m+fp/hard\libc_nano.a(libc_a-wsetup.o)
                0x08008020                __swsetup_r
 .text.memset   0x080080cc       0x10 C:/ST/STM32CubeIDE_1.19.0/STM32CubeIDE/plugins/com.st.stm32cube.ide.mcu.externaltools.gnu-tools-for-stm32.13.3.rel1.win32_1.0.0.202411081344/tools/bin/../lib/gcc/arm-none-eabi/13.3.1/../../../../arm-none-eabi/lib/thumb/v7e-m+fp/hard\libc_nano.a(libc_a-memset.o)
                0x080080cc                memset
 .text._close_r
                0x080080dc       0x20 C:/ST/STM32CubeIDE_1.19.0/STM32CubeIDE/plugins/com.st.stm32cube.ide.mcu.externaltools.gnu-tools-for-stm32.13.3.rel1.win32_1.0.0.202411081344/tools/bin/../lib/gcc/arm-none-eabi/13.3.1/../../../../arm-none-eabi/lib/thumb/v7e-m+fp/hard\libc_nano.a(libc_a-closer.o)
                0x080080dc                _close_r
 .text._lseek_r
                0x080080fc       0x24 C:/ST/STM32CubeIDE_1.19.0/STM32CubeIDE/plugins/com.st.stm32cube.ide.mcu.externaltools.gnu-tools-for-stm32.13.3.rel1.win32_1.0.0.202411081344/tools/bin/../lib/gcc/arm-none-eabi/13.3.1/../../../../arm-none-eabi/lib/thumb/v7e-m+fp/hard\libc_nano.a(libc_a-lseekr.o)
                0x080080fc                _lseek_r
 .text._read_r  0x08008120       0x24 C:/ST/STM32CubeIDE_1.19.0/STM32CubeIDE/plugins/com.st.stm32cube.ide.mcu.externaltools.gnu-tools-for-stm32.13.3.rel1.win32_1.0.0.202411081344/tools/bin/../lib/gcc/arm-none-eabi/13.3.1/../../../../arm-none-eabi/lib/thumb/v7e-m+fp/hard\libc_nano.a(libc_a-readr.o)
                0x08008120                _read_r
 .text._sbrk_r  0x08008144       0x20 C:/ST/STM32CubeIDE_1.19.0/STM32CubeIDE/plugins/com.st.stm32cube.ide.mcu.externaltools.gnu-tools-for-stm32.13.3.rel1.win32_1.0.0.202411081344/tools/bin/../lib/gcc/arm-none-eabi/13.3.1/../../../../arm-none-eabi/lib/thumb/v7e-m+fp/hard\libc_nano.a(libc_a-sbrkr.o)
                0x08008144                _sbrk_r
 .text._write_r
                0x08008164       0x24 C:/ST/STM32CubeIDE_1.19.0/STM32CubeIDE/plugins/com.st.stm32cube.ide.mcu.externaltools.gnu-tools-for-stm32.13.3.rel1.win32_1.0.0.202411081344/tools/bin/../lib/gcc/arm-none-eabi/13.3.1/../../../../arm-none-eabi/lib/thumb/v7e-m+fp/hard\libc_nano.a(libc_a-writer.o)
                0x08008164                _write_r
 .text.__errno  0x08008188        0xc C:/ST/STM32CubeIDE_1.19.0/STM32CubeIDE/plugins/com.st.stm32cube.ide.mcu.externaltools.gnu-tools-for-stm32.13.3.rel1.win32_1.0.0.202411081344/tools/bin/../lib/gcc/arm-none-eabi/13.3.1/../../../../arm-none-eabi/lib/thumb/v7e-m+fp/hard\libc_nano.a(libc_a-errno.o)
                0x08008188                __errno
 .text.__libc_init_array
                0x08008194       0x48 C:/ST/STM32CubeIDE_1.19.0/STM32CubeIDE/plugins/com.st.stm32cube.ide.mcu.externaltools.gnu-tools-for-stm32.13.3.rel1.win32_1.0.0.202411081344/tools/bin/../lib/gcc/arm-none-eabi/13.3.1/../../../../arm-none-eabi/lib/thumb/v7e-m+fp/hard\libc_nano.a(libc_a-init.o)
                0x08008194                __libc_init_array
 .text.__retarget_lock_init_recursive
                0x080081dc        0x2 C:/ST/STM32CubeIDE_1.19.0/STM32CubeIDE/plugins/com.st.stm32cube.ide.mcu.externaltools.gnu-tools-for-stm32.13.3.rel1.win32_1.0.0.202411081344/tools/bin/../lib/gcc/arm-none-eabi/13.3.1/../../../../arm-none-eabi/lib/thumb/v7e-m+fp/hard\libc_nano.a(libc_a-lock.o)
                0x080081dc                __retarget_lock_init_recursive
 .text.__retarget_lock_acquire_recursive
                0x080081de        0x2 C:/ST/STM32CubeIDE_1.19.0/STM32CubeIDE/plugins/com.st.stm32cube.ide.mcu.externaltools.gnu-tools-for-stm32.13.3.rel1.win32_1.0.0.202411081344/tools/bin/../lib/gcc/arm-none-eabi/13.3.1/../../../../arm-none-eabi/lib/thumb/v7e-m+fp/hard\libc_nano.a(libc_a-lock.o)
                0x080081de                __retarget_lock_acquire_recursive
 .text.__retarget_lock_release_recursive
                0x080081e0        0x2 C:/ST/STM32CubeIDE_1.19.0/STM32CubeIDE/plugins/com.st.stm32cube.ide.mcu.externaltools.gnu-tools-for-stm32.13.3.rel1.win32_1.0.0.202411081344/tools/bin/../lib/gcc/arm-none-eabi/13.3.1/../../../../arm-none-eabi/lib/thumb/v7e-m+fp/hard\libc_nano.a(libc_a-lock.o)
                0x080081e0                __retarget_lock_release_recursive
 *fill*         0x080081e2        0x2 
 .text._free_r  0x080081e4       0x94 C:/ST/STM32CubeIDE_1.19.0/STM32CubeIDE/plugins/com.st.stm32cube.ide.mcu.externaltools.gnu-tools-for-stm32.13.3.rel1.win32_1.0.0.202411081344/tools/bin/../lib/gcc/arm-none-eabi/13.3.1/../../../../arm-none-eabi/lib/thumb/v7e-m+fp/hard\libc_nano.a(libc_a-freer.o)
                0x080081e4                _free_r
 .text.__sfputc_r
                0x08008278       0x2e C:/ST/STM32CubeIDE_1.19.0/STM32CubeIDE/plugins/com.st.stm32cube.ide.mcu.externaltools.gnu-tools-for-stm32.13.3.rel1.win32_1.0.0.202411081344/tools/bin/../lib/gcc/arm-none-eabi/13.3.1/../../../../arm-none-eabi/lib/thumb/v7e-m+fp/hard\libc_nano.a(libc_a-nano-vfprintf.o)
 .text.__sfputs_r
                0x080082a6       0x24 C:/ST/STM32CubeIDE_1.19.0/STM32CubeIDE/plugins/com.st.stm32cube.ide.mcu.externaltools.gnu-tools-for-stm32.13.3.rel1.win32_1.0.0.202411081344/tools/bin/../lib/gcc/arm-none-eabi/13.3.1/../../../../arm-none-eabi/lib/thumb/v7e-m+fp/hard\libc_nano.a(libc_a-nano-vfprintf.o)
                0x080082a6                __sfputs_r
 *fill*         0x080082ca        0x2 
 .text._vfprintf_r
                0x080082cc      0x230 C:/ST/STM32CubeIDE_1.19.0/STM32CubeIDE/plugins/com.st.stm32cube.ide.mcu.externaltools.gnu-tools-for-stm32.13.3.rel1.win32_1.0.0.202411081344/tools/bin/../lib/gcc/arm-none-eabi/13.3.1/../../../../arm-none-eabi/lib/thumb/v7e-m+fp/hard\libc_nano.a(libc_a-nano-vfprintf.o)
                0x080082cc                _vfprintf_r
                0x080082cc                _vfiprintf_r
 .text._printf_common
                0x080084fc       0xda C:/ST/STM32CubeIDE_1.19.0/STM32CubeIDE/plugins/com.st.stm32cube.ide.mcu.externaltools.gnu-tools-for-stm32.13.3.rel1.win32_1.0.0.202411081344/tools/bin/../lib/gcc/arm-none-eabi/13.3.1/../../../../arm-none-eabi/lib/thumb/v7e-m+fp/hard\libc_nano.a(libc_a-nano-vfprintf_i.o)
                0x080084fc                _printf_common
 *fill*         0x080085d6        0x2 
 .text._printf_i
                0x080085d8      0x23c C:/ST/STM32CubeIDE_1.19.0/STM32CubeIDE/plugins/com.st.stm32cube.ide.mcu.externaltools.gnu-tools-for-stm32.13.3.rel1.win32_1.0.0.202411081344/tools/bin/../lib/gcc/arm-none-eabi/13.3.1/../../../../arm-none-eabi/lib/thumb/v7e-m+fp/hard\libc_nano.a(libc_a-nano-vfprintf_i.o)
                0x080085d8                _printf_i
 .text.__sflush_r
                0x08008814      0x108 C:/ST/STM32CubeIDE_1.19.0/STM32CubeIDE/plugins/com.st.stm32cube.ide.mcu.externaltools.gnu-tools-for-stm32.13.3.rel1.win32_1.0.0.202411081344/tools/bin/../lib/gcc/arm-none-eabi/13.3.1/../../../../arm-none-eabi/lib/thumb/v7e-m+fp/hard\libc_nano.a(libc_a-fflush.o)
                0x08008814                __sflush_r
 .text._fflush_r
                0x0800891c       0x50 C:/ST/STM32CubeIDE_1.19.0/STM32CubeIDE/plugins/com.st.stm32cube.ide.mcu.externaltools.gnu-tools-for-stm32.13.3.rel1.win32_1.0.0.202411081344/tools/bin/../lib/gcc/arm-none-eabi/13.3.1/../../../../arm-none-eabi/lib/thumb/v7e-m+fp/hard\libc_nano.a(libc_a-fflush.o)
                0x0800891c                _fflush_r
 .text.__swhatbuf_r
                0x0800896c       0x4c C:/ST/STM32CubeIDE_1.19.0/STM32CubeIDE/plugins/com.st.stm32cube.ide.mcu.externaltools.gnu-tools-for-stm32.13.3.rel1.win32_1.0.0.202411081344/tools/bin/../lib/gcc/arm-none-eabi/13.3.1/../../../../arm-none-eabi/lib/thumb/v7e-m+fp/hard\libc_nano.a(libc_a-makebuf.o)
                0x0800896c                __swhatbuf_r
 .text.__smakebuf_r
                0x080089b8       0x78 C:/ST/STM32CubeIDE_1.19.0/STM32CubeIDE/plugins/com.st.stm32cube.ide.mcu.externaltools.gnu-tools-for-stm32.13.3.rel1.win32_1.0.0.202411081344/tools/bin/../lib/gcc/arm-none-eabi/13.3.1/../../../../arm-none-eabi/lib/thumb/v7e-m+fp/hard\libc_nano.a(libc_a-makebuf.o)
                0x080089b8                __smakebuf_r
 .text._putc_r  0x08008a30       0x68 C:/ST/STM32CubeIDE_1.19.0/STM32CubeIDE/plugins/com.st.stm32cube.ide.mcu.externaltools.gnu-tools-for-stm32.13.3.rel1.win32_1.0.0.202411081344/tools/bin/../lib/gcc/arm-none-eabi/13.3.1/../../../../arm-none-eabi/lib/thumb/v7e-m+fp/hard\libc_nano.a(libc_a-putc.o)
                0x08008a30                _putc_r
 .text._fstat_r
                0x08008a98       0x24 C:/ST/STM32CubeIDE_1.19.0/STM32CubeIDE/plugins/com.st.stm32cube.ide.mcu.externaltools.gnu-tools-for-stm32.13.3.rel1.win32_1.0.0.202411081344/tools/bin/../lib/gcc/arm-none-eabi/13.3.1/../../../../arm-none-eabi/lib/thumb/v7e-m+fp/hard\libc_nano.a(libc_a-fstatr.o)
                0x08008a98                _fstat_r
 .text._isatty_r
                0x08008abc       0x20 C:/ST/STM32CubeIDE_1.19.0/STM32CubeIDE/plugins/com.st.stm32cube.ide.mcu.externaltools.gnu-tools-for-stm32.13.3.rel1.win32_1.0.0.202411081344/tools/bin/../lib/gcc/arm-none-eabi/13.3.1/../../../../arm-none-eabi/lib/thumb/v7e-m+fp/hard\libc_nano.a(libc_a-isattyr.o)
                0x08008abc                _isatty_r
 *(.glue_7)
 .glue_7        0x08008adc        0x0 linker stubs
 *(.glue_7t)
 .glue_7t       0x08008adc        0x0 linker stubs
 *(.eh_frame)
 .eh_frame      0x08008adc        0x0 C:/ST/STM32CubeIDE_1.19.0/STM32CubeIDE/plugins/com.st.stm32cube.ide.mcu.externaltools.gnu-tools-for-stm32.13.3.rel1.win32_1.0.0.202411081344/tools/bin/../lib/gcc/arm-none-eabi/13.3.1/thumb/v7e-m+fp/hard/crtbegin.o
 *(.init)
 .init          0x08008adc        0x4 C:/ST/STM32CubeIDE_1.19.0/STM32CubeIDE/plugins/com.st.stm32cube.ide.mcu.externaltools.gnu-tools-for-stm32.13.3.rel1.win32_1.0.0.202411081344/tools/bin/../lib/gcc/arm-none-eabi/13.3.1/thumb/v7e-m+fp/hard/crti.o
                0x08008adc                _init
 .init          0x08008ae0        0x8 C:/ST/STM32CubeIDE_1.19.0/STM32CubeIDE/plugins/com.st.stm32cube.ide.mcu.externaltools.gnu-tools-for-stm32.13.3.rel1.win32_1.0.0.202411081344/tools/bin/../lib/gcc/arm-none-eabi/13.3.1/thumb/v7e-m+fp/hard/crtn.o
 *(.fini)
 .fini          0x08008ae8        0x4 C:/ST/STM32CubeIDE_1.19.0/STM32CubeIDE/plugins/com.st.stm32cube.ide.mcu.externaltools.gnu-tools-for-stm32.13.3.rel1.win32_1.0.0.202411081344/tools/bin/../lib/gcc/arm-none-eabi/13.3.1/thumb/v7e-m+fp/hard/crti.o
                0x08008ae8                _fini
 .fini          0x08008aec        0x8 C:/ST/STM32CubeIDE_1.19.0/STM32CubeIDE/plugins/com.st.stm32cube.ide.mcu.externaltools.gnu-tools-for-stm32.13.3.rel1.win32_1.0.0.202411081344/tools/bin/../lib/gcc/arm-none-eabi/13.3.1/thumb/v7e-m+fp/hard/crtn.o
                0x08008af4                        . = ALIGN (0x4)
                0x08008af4                        _etext = .

.vfp11_veneer   0x08008af4        0x0
 .vfp11_veneer  0x08008af4        0x0 linker stubs

.v4_bx          0x08008af4        0x0
 .v4_bx         0x08008af4        0x0 linker stubs

.iplt           0x08008af4        0x0
 .iplt          0x08008af4        0x0 C:/ST/STM32CubeIDE_1.19.0/STM32CubeIDE/plugins/com.st.stm32cube.ide.mcu.externaltools.gnu-tools-for-stm32.13.3.rel1.win32_1.0.0.202411081344/tools/bin/../lib/gcc/arm-none-eabi/13.3.1/thumb/v7e-m+fp/hard/crtbegin.o

.rodata         0x08008af4      0x8e4
                0x08008af4                        . = ALIGN (0x4)
 *(.rodata)
 *(.rodata*)
 .rodata.ETX_MSC_ProcessUsbDevice.str1.4
                0x08008af4      0x803 ./Core/Src/main.o
                                 0xa1 (size before relaxing)
 .rodata.MyUSBUserFnc.str1.4
                0x080092f7       0x19 ./Core/Src/main.o
 *fill*         0x080092f7        0x1 
 .rodata.APBPrescTable
                0x080092f8        0x8 ./Core/Src/system_stm32f4xx.o
                0x080092f8                APBPrescTable
 .rodata.AHBPrescTable
                0x08009300       0x10 ./Core/Src/system_stm32f4xx.o
                0x08009300                AHBPrescTable
 .rodata.USBH_read.str1.4
                0x08009310       0x1f ./FATFS/Target/usbh_diskio.o
 .rodata.USBH_write.str1.4
                0x08009310       0x1d ./FATFS/Target/usbh_diskio.o
 .rodata.USBH_Driver
                0x08009310       0x14 ./FATFS/Target/usbh_diskio.o
                0x08009310                USBH_Driver
 .rodata.USBH_MSC_Process.str1.4
                0x08009324      0x118 ./Middlewares/ST/STM32_USB_Host_Library/Class/MSC/Src/usbh_msc.o
 .rodata.USBH_MSC_ClassRequest.str1.4
                0x08009324       0x1c ./Middlewares/ST/STM32_USB_Host_Library/Class/MSC/Src/usbh_msc.o
 .rodata.USBH_MSC_InterfaceInit.str1.4
                0x08009324       0x5a ./Middlewares/ST/STM32_USB_Host_Library/Class/MSC/Src/usbh_msc.o
 .rodata.str1.4
                0x08009324        0x4 ./Middlewares/ST/STM32_USB_Host_Library/Class/MSC/Src/usbh_msc.o
 .rodata.USBH_MSC_SCSI_RequestSense.str1.4
                0x08009324       0x1e ./Middlewares/ST/STM32_USB_Host_Library/Class/MSC/Src/usbh_msc_scsi.o
 .rodata.USBH_HandleEnum.str1.4
                0x08009324      0x1d0 ./Middlewares/ST/STM32_USB_Host_Library/Core/Src/usbh_core.o
 .rodata.USBH_Init.str1.4
                0x08009324       0x14 ./Middlewares/ST/STM32_USB_Host_Library/Core/Src/usbh_core.o
 .rodata.USBH_RegisterClass.str1.4
                0x08009324       0x31 ./Middlewares/ST/STM32_USB_Host_Library/Core/Src/usbh_core.o
 .rodata.USBH_SelectInterface.str1.4
                0x08009324       0x6e ./Middlewares/ST/STM32_USB_Host_Library/Core/Src/usbh_core.o
 .rodata.USBH_Process.str1.4
                0x08009324      0x1d8 ./Middlewares/ST/STM32_USB_Host_Library/Core/Src/usbh_core.o
 .rodata.USBH_HandleControl.str1.4
                0x08009324       0x2d ./Middlewares/ST/STM32_USB_Host_Library/Core/Src/usbh_ctlreq.o
 .rodata.USBH_Get_DevDesc.str1.4
                0x08009324       0x44 ./Middlewares/ST/STM32_USB_Host_Library/Core/Src/usbh_ctlreq.o
 .rodata.USBH_Get_CfgDesc.str1.4
                0x08009324       0x4b ./Middlewares/ST/STM32_USB_Host_Library/Core/Src/usbh_ctlreq.o
 .rodata.USBH_Get_StringDesc.str1.4
                0x08009324       0x44 ./Middlewares/ST/STM32_USB_Host_Library/Core/Src/usbh_ctlreq.o
 .rodata.create_name.str1.4
                0x08009324        0xf ./Middlewares/Third_Party/FatFs/src/ff.o
 .rodata.ExCvt  0x08009324       0x80 ./Middlewares/Third_Party/FatFs/src/ff.o
 .rodata._vfprintf_r.str1.1
                0x080093a4       0x33 C:/ST/STM32CubeIDE_1.19.0/STM32CubeIDE/plugins/com.st.stm32cube.ide.mcu.externaltools.gnu-tools-for-stm32.13.3.rel1.win32_1.0.0.202411081344/tools/bin/../lib/gcc/arm-none-eabi/13.3.1/../../../../arm-none-eabi/lib/thumb/v7e-m+fp/hard\libc_nano.a(libc_a-nano-vfprintf.o)
                                 0x11 (size before relaxing)
 .rodata._printf_i.str1.1
                0x080093d7       0x22 C:/ST/STM32CubeIDE_1.19.0/STM32CubeIDE/plugins/com.st.stm32cube.ide.mcu.externaltools.gnu-tools-for-stm32.13.3.rel1.win32_1.0.0.202411081344/tools/bin/../lib/gcc/arm-none-eabi/13.3.1/../../../../arm-none-eabi/lib/thumb/v7e-m+fp/hard\libc_nano.a(libc_a-nano-vfprintf_i.o)
                0x080094fc                        . = ALIGN (0x4)
 *fill*         0x080093d7        0x1 

.ARM.extab      0x080093d8        0x0
                0x080093d8                        . = ALIGN (0x4)
 *(.ARM.extab* .gnu.linkonce.armextab.*)
                0x080093d8                        . = ALIGN (0x4)

.ARM            0x080093d8        0x8
                0x080093d8                        . = ALIGN (0x4)
                0x080093d8                        __exidx_start = .
 *(.ARM.exidx*)
 .ARM.exidx     0x080093d8        0x8 C:/ST/STM32CubeIDE_1.19.0/STM32CubeIDE/plugins/com.st.stm32cube.ide.mcu.externaltools.gnu-tools-for-stm32.13.3.rel1.win32_1.0.0.202411081344/tools/bin/../lib/gcc/arm-none-eabi/13.3.1/../../../../arm-none-eabi/lib/thumb/v7e-m+fp/hard\libc_nano.a(libc_a-memchr.o)
 .ARM.exidx     0x080093e0        0x0 C:/ST/STM32CubeIDE_1.19.0/STM32CubeIDE/plugins/com.st.stm32cube.ide.mcu.externaltools.gnu-tools-for-stm32.13.3.rel1.win32_1.0.0.202411081344/tools/bin/../lib/gcc/arm-none-eabi/13.3.1/thumb/v7e-m+fp/hard\libgcc.a(_udivmoddi4.o)
                                  0x8 (size before relaxing)
                0x080093e0                        __exidx_end = .
                0x080093e0                        . = ALIGN (0x4)

.preinit_array  0x080093e0        0x0
                0x080093e0                        . = ALIGN (0x4)
                0x080093e0                        PROVIDE (__preinit_array_start = .)
 *(.preinit_array*)
                0x080093e0                        PROVIDE (__preinit_array_end = .)
                0x080093e0                        . = ALIGN (0x4)

.init_array     0x080093e0        0x4
                0x080093e0                        . = ALIGN (0x4)
                0x080093e0                        PROVIDE (__init_array_start = .)
 *(SORT_BY_NAME(.init_array.*))
 *(.init_array*)
 .init_array    0x080093e0        0x4 C:/ST/STM32CubeIDE_1.19.0/STM32CubeIDE/plugins/com.st.stm32cube.ide.mcu.externaltools.gnu-tools-for-stm32.13.3.rel1.win32_1.0.0.202411081344/tools/bin/../lib/gcc/arm-none-eabi/13.3.1/thumb/v7e-m+fp/hard/crtbegin.o
                0x080093e4                        PROVIDE (__init_array_end = .)
                0x080093e4                        . = ALIGN (0x4)

.fini_array     0x080093e4        0x4
                0x080093e4                        . = ALIGN (0x4)
                [!provide]                        PROVIDE (__fini_array_start = .)
 *(SORT_BY_NAME(.fini_array.*))
 *(.fini_array*)
 .fini_array    0x080093e4        0x4 C:/ST/STM32CubeIDE_1.19.0/STM32CubeIDE/plugins/com.st.stm32cube.ide.mcu.externaltools.gnu-tools-for-stm32.13.3.rel1.win32_1.0.0.202411081344/tools/bin/../lib/gcc/arm-none-eabi/13.3.1/thumb/v7e-m+fp/hard/crtbegin.o
                [!provide]                        PROVIDE (__fini_array_end = .)
                0x080093e8                        . = ALIGN (0x4)
                0x080093e8                        _sidata = LOADADDR (.data)

.rel.dyn        0x080093e8        0x0
 .rel.iplt      0x080093e8        0x0 C:/ST/STM32CubeIDE_1.19.0/STM32CubeIDE/plugins/com.st.stm32cube.ide.mcu.externaltools.gnu-tools-for-stm32.13.3.rel1.win32_1.0.0.202411081344/tools/bin/../lib/gcc/arm-none-eabi/13.3.1/thumb/v7e-m+fp/hard/crtbegin.o

.data           0x20000000       0x88 load address 0x080093e8
                0x20000000                        . = ALIGN (0x4)
                0x20000000                        _sdata = .
 *(.data)
 *(.data*)
 .data.SystemCoreClock
                0x20000000        0x4 ./Core/Src/system_stm32f4xx.o
                0x20000000                SystemCoreClock
 .data.uwTickFreq
                0x20000004        0x1 ./Drivers/STM32F4xx_HAL_Driver/Src/stm32f4xx_hal.o
                0x20000004                uwTickFreq
 *fill*         0x20000005        0x3 
 .data.uwTickPrio
                0x20000008        0x4 ./Drivers/STM32F4xx_HAL_Driver/Src/stm32f4xx_hal.o
                0x20000008                uwTickPrio
 .data.USBH_msc
                0x2000000c       0x20 ./Middlewares/ST/STM32_USB_Host_Library/Class/MSC/Src/usbh_msc.o
                0x2000000c                USBH_msc
 .data.__sglue  0x2000002c        0xc C:/ST/STM32CubeIDE_1.19.0/STM32CubeIDE/plugins/com.st.stm32cube.ide.mcu.externaltools.gnu-tools-for-stm32.13.3.rel1.win32_1.0.0.202411081344/tools/bin/../lib/gcc/arm-none-eabi/13.3.1/../../../../arm-none-eabi/lib/thumb/v7e-m+fp/hard\libc_nano.a(libc_a-findfp.o)
                0x2000002c                __sglue
 .data._impure_ptr
                0x20000038        0x4 C:/ST/STM32CubeIDE_1.19.0/STM32CubeIDE/plugins/com.st.stm32cube.ide.mcu.externaltools.gnu-tools-for-stm32.13.3.rel1.win32_1.0.0.202411081344/tools/bin/../lib/gcc/arm-none-eabi/13.3.1/../../../../arm-none-eabi/lib/thumb/v7e-m+fp/hard\libc_nano.a(libc_a-impure.o)
                0x20000038                _impure_ptr
 .data._impure_data
                0x2000003c       0x4c C:/ST/STM32CubeIDE_1.19.0/STM32CubeIDE/plugins/com.st.stm32cube.ide.mcu.externaltools.gnu-tools-for-stm32.13.3.rel1.win32_1.0.0.202411081344/tools/bin/../lib/gcc/arm-none-eabi/13.3.1/../../../../arm-none-eabi/lib/thumb/v7e-m+fp/hard\libc_nano.a(libc_a-impure.o)
                0x2000003c                _impure_data
 *(.RamFunc)
 *(.RamFunc*)
                0x20000088                        . = ALIGN (0x4)
                0x20000088                        _edata = .
                0x08009470                        _siccmram = LOADADDR (.ccmram)

.igot.plt       0x20000088        0x0 load address 0x08009470
 .igot.plt      0x20000088        0x0 C:/ST/STM32CubeIDE_1.19.0/STM32CubeIDE/plugins/com.st.stm32cube.ide.mcu.externaltools.gnu-tools-for-stm32.13.3.rel1.win32_1.0.0.202411081344/tools/bin/../lib/gcc/arm-none-eabi/13.3.1/thumb/v7e-m+fp/hard/crtbegin.o

.ccmram         0x10000000        0x0 load address 0x08009470
                0x10000000                        . = ALIGN (0x4)
                0x10000000                        _sccmram = .
 *(.ccmram)
 *(.ccmram*)
                0x10000000                        . = ALIGN (0x4)
                0x10000000                        _eccmram = .
                0x10000000                        . = ALIGN (0x4)

.bss            0x20000088      0x9b4
                0x20000088                        _sbss = .
                0x20000088                        __bss_start__ = _sbss
 *(.bss)
 .bss           0x20000088       0x1c C:/ST/STM32CubeIDE_1.19.0/STM32CubeIDE/plugins/com.st.stm32cube.ide.mcu.externaltools.gnu-tools-for-stm32.13.3.rel1.win32_1.0.0.202411081344/tools/bin/../lib/gcc/arm-none-eabi/13.3.1/thumb/v7e-m+fp/hard/crtbegin.o
 *(.bss*)
 .bss.USBWriteOpEnable
                0x200000a4        0x1 ./Core/Src/main.o
                0x200000a4                USBWriteOpEnable
 *fill*         0x200000a5        0x3 
 .bss.huart3    0x200000a8       0x48 ./Core/Src/main.o
                0x200000a8                huart3
 .bss.__sbrk_heap_end
                0x200000f0        0x4 ./Core/Src/sysmem.o
 .bss.uwTick    0x200000f4        0x4 ./Drivers/STM32F4xx_HAL_Driver/Src/stm32f4xx_hal.o
                0x200000f4                uwTick
 .bss.USBHPath  0x200000f8        0x4 ./FATFS/App/fatfs.o
                0x200000f8                USBHPath
 .bss.retUSBH   0x200000fc        0x1 ./FATFS/App/fatfs.o
                0x200000fc                retUSBH
 *fill*         0x200000fd        0x3 
 .bss.Files     0x20000100       0x20 ./Middlewares/Third_Party/FatFs/src/ff.o
 .bss.Fsid      0x20000120        0x2 ./Middlewares/Third_Party/FatFs/src/ff.o
 *fill*         0x20000122        0x2 
 .bss.FatFs     0x20000124        0x4 ./Middlewares/Third_Party/FatFs/src/ff.o
 .bss.disk      0x20000128        0xc ./Middlewares/Third_Party/FatFs/src/ff_gen_drv.o
                0x20000128                disk
 .bss.Appli_state
                0x20000134        0x1 ./USB_HOST/App/usb_host.o
                0x20000134                Appli_state
 *fill*         0x20000135        0x3 
 .bss.hUsbHostFS
                0x20000138      0x3d8 ./USB_HOST/App/usb_host.o
                0x20000138                hUsbHostFS
 .bss.hhcd_USB_OTG_FS
                0x20000510      0x3e0 ./USB_HOST/Target/usbh_conf.o
                0x20000510                hhcd_USB_OTG_FS
 .bss.__malloc_sbrk_start
                0x200008f0        0x4 C:/ST/STM32CubeIDE_1.19.0/STM32CubeIDE/plugins/com.st.stm32cube.ide.mcu.externaltools.gnu-tools-for-stm32.13.3.rel1.win32_1.0.0.202411081344/tools/bin/../lib/gcc/arm-none-eabi/13.3.1/../../../../arm-none-eabi/lib/thumb/v7e-m+fp/hard\libc_nano.a(libc_a-mallocr.o)
                0x200008f0                __malloc_sbrk_start
 .bss.__malloc_free_list
                0x200008f4        0x4 C:/ST/STM32CubeIDE_1.19.0/STM32CubeIDE/plugins/com.st.stm32cube.ide.mcu.externaltools.gnu-tools-for-stm32.13.3.rel1.win32_1.0.0.202411081344/tools/bin/../lib/gcc/arm-none-eabi/13.3.1/../../../../arm-none-eabi/lib/thumb/v7e-m+fp/hard\libc_nano.a(libc_a-mallocr.o)
                0x200008f4                __malloc_free_list
 .bss.__sf      0x200008f8      0x138 C:/ST/STM32CubeIDE_1.19.0/STM32CubeIDE/plugins/com.st.stm32cube.ide.mcu.externaltools.gnu-tools-for-stm32.13.3.rel1.win32_1.0.0.202411081344/tools/bin/../lib/gcc/arm-none-eabi/13.3.1/../../../../arm-none-eabi/lib/thumb/v7e-m+fp/hard\libc_nano.a(libc_a-findfp.o)
                0x200008f8                __sf
 .bss.__stdio_exit_handler
                0x20000a30        0x4 C:/ST/STM32CubeIDE_1.19.0/STM32CubeIDE/plugins/com.st.stm32cube.ide.mcu.externaltools.gnu-tools-for-stm32.13.3.rel1.win32_1.0.0.202411081344/tools/bin/../lib/gcc/arm-none-eabi/13.3.1/../../../../arm-none-eabi/lib/thumb/v7e-m+fp/hard\libc_nano.a(libc_a-findfp.o)
                0x20000a30                __stdio_exit_handler
 .bss.errno     0x20000a34        0x4 C:/ST/STM32CubeIDE_1.19.0/STM32CubeIDE/plugins/com.st.stm32cube.ide.mcu.externaltools.gnu-tools-for-stm32.13.3.rel1.win32_1.0.0.202411081344/tools/bin/../lib/gcc/arm-none-eabi/13.3.1/../../../../arm-none-eabi/lib/thumb/v7e-m+fp/hard\libc_nano.a(libc_a-reent.o)
                0x20000a34                errno
 .bss.__lock___malloc_recursive_mutex
                0x20000a38        0x1 C:/ST/STM32CubeIDE_1.19.0/STM32CubeIDE/plugins/com.st.stm32cube.ide.mcu.externaltools.gnu-tools-for-stm32.13.3.rel1.win32_1.0.0.202411081344/tools/bin/../lib/gcc/arm-none-eabi/13.3.1/../../../../arm-none-eabi/lib/thumb/v7e-m+fp/hard\libc_nano.a(libc_a-lock.o)
                0x20000a38                __lock___malloc_recursive_mutex
 .bss.__lock___sfp_recursive_mutex
                0x20000a39        0x1 C:/ST/STM32CubeIDE_1.19.0/STM32CubeIDE/plugins/com.st.stm32cube.ide.mcu.externaltools.gnu-tools-for-stm32.13.3.rel1.win32_1.0.0.202411081344/tools/bin/../lib/gcc/arm-none-eabi/13.3.1/../../../../arm-none-eabi/lib/thumb/v7e-m+fp/hard\libc_nano.a(libc_a-lock.o)
                0x20000a39                __lock___sfp_recursive_mutex
 *(COMMON)
                0x20000a3c                        . = ALIGN (0x4)
 *fill*         0x20000a3a        0x2 
                0x20000a3c                        _ebss = .
                0x20000a3c                        __bss_end__ = _ebss

._user_heap_stack
                0x20000a3c     0x1004
                0x20000a40                        . = ALIGN (0x8)
 *fill*         0x20000a3c        0x4 
                [!provide]                        PROVIDE (end = .)
                0x20000a40                        PROVIDE (_end = .)
                0x20001240                        . = (. + _Min_Heap_Size)
 *fill*         0x20000a40      0x800 
                0x20001a40                        . = (. + _Min_Stack_Size)
 *fill*         0x20001240      0x800 
                0x20001a40                        . = ALIGN (0x8)

/DISCARD/
 libc.a(*)
 libm.a(*)
 libgcc.a(*)

.ARM.attributes
                0x00000000       0x30
 *(.ARM.attributes)
 .ARM.attributes
                0x00000000       0x22 C:/ST/STM32CubeIDE_1.19.0/STM32CubeIDE/plugins/com.st.stm32cube.ide.mcu.externaltools.gnu-tools-for-stm32.13.3.rel1.win32_1.0.0.202411081344/tools/bin/../lib/gcc/arm-none-eabi/13.3.1/thumb/v7e-m+fp/hard/crti.o
 .ARM.attributes
                0x00000022       0x34 C:/ST/STM32CubeIDE_1.19.0/STM32CubeIDE/plugins/com.st.stm32cube.ide.mcu.externaltools.gnu-tools-for-stm32.13.3.rel1.win32_1.0.0.202411081344/tools/bin/../lib/gcc/arm-none-eabi/13.3.1/thumb/v7e-m+fp/hard/crtbegin.o
 .ARM.attributes
                0x00000056       0x34 ./Core/Src/main.o
 .ARM.attributes
                0x0000008a       0x34 ./Core/Src/stm32f4xx_hal_msp.o
 .ARM.attributes
                0x000000be       0x34 ./Core/Src/stm32f4xx_it.o
 .ARM.attributes
                0x000000f2       0x34 ./Core/Src/syscalls.o
 .ARM.attributes
                0x00000126       0x34 ./Core/Src/sysmem.o
 .ARM.attributes
                0x0000015a       0x34 ./Core/Src/system_stm32f4xx.o
 .ARM.attributes
                0x0000018e       0x21 ./Core/Startup/startup_stm32f439zitx.o
 .ARM.attributes
                0x000001af       0x34 ./Drivers/STM32F4xx_HAL_Driver/Src/stm32f4xx_hal.o
 .ARM.attributes
                0x000001e3       0x34 ./Drivers/STM32F4xx_HAL_Driver/Src/stm32f4xx_hal_cortex.o
 .ARM.attributes
                0x00000217       0x34 ./Drivers/STM32F4xx_HAL_Driver/Src/stm32f4xx_hal_gpio.o
 .ARM.attributes
                0x0000024b       0x34 ./Drivers/STM32F4xx_HAL_Driver/Src/stm32f4xx_hal_hcd.o
 .ARM.attributes
                0x0000027f       0x34 ./Drivers/STM32F4xx_HAL_Driver/Src/stm32f4xx_hal_rcc.o
 .ARM.attributes
                0x000002b3       0x34 ./Drivers/STM32F4xx_HAL_Driver/Src/stm32f4xx_hal_uart.o
 .ARM.attributes
                0x000002e7       0x34 ./Drivers/STM32F4xx_HAL_Driver/Src/stm32f4xx_ll_usb.o
 .ARM.attributes
                0x0000031b       0x34 ./FATFS/App/fatfs.o
 .ARM.attributes
                0x0000034f       0x34 ./FATFS/Target/usbh_diskio.o
 .ARM.attributes
                0x00000383       0x34 ./Middlewares/ST/STM32_USB_Host_Library/Class/MSC/Src/usbh_msc.o
 .ARM.attributes
                0x000003b7       0x34 ./Middlewares/ST/STM32_USB_Host_Library/Class/MSC/Src/usbh_msc_bot.o
 .ARM.attributes
                0x000003eb       0x34 ./Middlewares/ST/STM32_USB_Host_Library/Class/MSC/Src/usbh_msc_scsi.o
 .ARM.attributes
                0x0000041f       0x34 ./Middlewares/ST/STM32_USB_Host_Library/Core/Src/usbh_core.o
 .ARM.attributes
                0x00000453       0x34 ./Middlewares/ST/STM32_USB_Host_Library/Core/Src/usbh_ctlreq.o
 .ARM.attributes
                0x00000487       0x34 ./Middlewares/ST/STM32_USB_Host_Library/Core/Src/usbh_ioreq.o
 .ARM.attributes
                0x000004bb       0x34 ./Middlewares/ST/STM32_USB_Host_Library/Core/Src/usbh_pipes.o
 .ARM.attributes
                0x000004ef       0x34 ./Middlewares/Third_Party/FatFs/src/diskio.o
 .ARM.attributes
                0x00000523       0x34 ./Middlewares/Third_Party/FatFs/src/ff.o
 .ARM.attributes
                0x00000557       0x34 ./Middlewares/Third_Party/FatFs/src/ff_gen_drv.o
 .ARM.attributes
                0x0000058b       0x34 ./USB_HOST/App/usb_host.o
 .ARM.attributes
                0x000005bf       0x34 ./USB_HOST/Target/usbh_conf.o
 .ARM.attributes
                0x000005f3       0x34 ./USB_HOST/Target/usbh_platform.o
 .ARM.attributes
                0x00000627       0x34 C:/ST/STM32CubeIDE_1.19.0/STM32CubeIDE/plugins/com.st.stm32cube.ide.mcu.externaltools.gnu-tools-for-stm32.13.3.rel1.win32_1.0.0.202411081344/tools/bin/../lib/gcc/arm-none-eabi/13.3.1/../../../../arm-none-eabi/lib/thumb/v7e-m+fp/hard\libc_nano.a(libc_a-malloc.o)
 .ARM.attributes
                0x0000065b       0x34 C:/ST/STM32CubeIDE_1.19.0/STM32CubeIDE/plugins/com.st.stm32cube.ide.mcu.externaltools.gnu-tools-for-stm32.13.3.rel1.win32_1.0.0.202411081344/tools/bin/../lib/gcc/arm-none-eabi/13.3.1/../../../../arm-none-eabi/lib/thumb/v7e-m+fp/hard\libc_nano.a(libc_a-mallocr.o)
 .ARM.attributes
                0x0000068f       0x34 C:/ST/STM32CubeIDE_1.19.0/STM32CubeIDE/plugins/com.st.stm32cube.ide.mcu.externaltools.gnu-tools-for-stm32.13.3.rel1.win32_1.0.0.202411081344/tools/bin/../lib/gcc/arm-none-eabi/13.3.1/../../../../arm-none-eabi/lib/thumb/v7e-m+fp/hard\libc_nano.a(libc_a-mlock.o)
 .ARM.attributes
                0x000006c3       0x34 C:/ST/STM32CubeIDE_1.19.0/STM32CubeIDE/plugins/com.st.stm32cube.ide.mcu.externaltools.gnu-tools-for-stm32.13.3.rel1.win32_1.0.0.202411081344/tools/bin/../lib/gcc/arm-none-eabi/13.3.1/../../../../arm-none-eabi/lib/thumb/v7e-m+fp/hard\libc_nano.a(libc_a-findfp.o)
 .ARM.attributes
                0x000006f7       0x34 C:/ST/STM32CubeIDE_1.19.0/STM32CubeIDE/plugins/com.st.stm32cube.ide.mcu.externaltools.gnu-tools-for-stm32.13.3.rel1.win32_1.0.0.202411081344/tools/bin/../lib/gcc/arm-none-eabi/13.3.1/../../../../arm-none-eabi/lib/thumb/v7e-m+fp/hard\libc_nano.a(libc_a-fwalk.o)
 .ARM.attributes
                0x0000072b       0x34 C:/ST/STM32CubeIDE_1.19.0/STM32CubeIDE/plugins/com.st.stm32cube.ide.mcu.externaltools.gnu-tools-for-stm32.13.3.rel1.win32_1.0.0.202411081344/tools/bin/../lib/gcc/arm-none-eabi/13.3.1/../../../../arm-none-eabi/lib/thumb/v7e-m+fp/hard\libc_nano.a(libc_a-printf.o)
 .ARM.attributes
                0x0000075f       0x34 C:/ST/STM32CubeIDE_1.19.0/STM32CubeIDE/plugins/com.st.stm32cube.ide.mcu.externaltools.gnu-tools-for-stm32.13.3.rel1.win32_1.0.0.202411081344/tools/bin/../lib/gcc/arm-none-eabi/13.3.1/../../../../arm-none-eabi/lib/thumb/v7e-m+fp/hard\libc_nano.a(libc_a-putchar.o)
 .ARM.attributes
                0x00000793       0x34 C:/ST/STM32CubeIDE_1.19.0/STM32CubeIDE/plugins/com.st.stm32cube.ide.mcu.externaltools.gnu-tools-for-stm32.13.3.rel1.win32_1.0.0.202411081344/tools/bin/../lib/gcc/arm-none-eabi/13.3.1/../../../../arm-none-eabi/lib/thumb/v7e-m+fp/hard\libc_nano.a(libc_a-puts.o)
 .ARM.attributes
                0x000007c7       0x34 C:/ST/STM32CubeIDE_1.19.0/STM32CubeIDE/plugins/com.st.stm32cube.ide.mcu.externaltools.gnu-tools-for-stm32.13.3.rel1.win32_1.0.0.202411081344/tools/bin/../lib/gcc/arm-none-eabi/13.3.1/../../../../arm-none-eabi/lib/thumb/v7e-m+fp/hard\libc_nano.a(libc_a-stdio.o)
 .ARM.attributes
                0x000007fb       0x34 C:/ST/STM32CubeIDE_1.19.0/STM32CubeIDE/plugins/com.st.stm32cube.ide.mcu.externaltools.gnu-tools-for-stm32.13.3.rel1.win32_1.0.0.202411081344/tools/bin/../lib/gcc/arm-none-eabi/13.3.1/../../../../arm-none-eabi/lib/thumb/v7e-m+fp/hard\libc_nano.a(libc_a-wbuf.o)
 .ARM.attributes
                0x0000082f       0x34 C:/ST/STM32CubeIDE_1.19.0/STM32CubeIDE/plugins/com.st.stm32cube.ide.mcu.externaltools.gnu-tools-for-stm32.13.3.rel1.win32_1.0.0.202411081344/tools/bin/../lib/gcc/arm-none-eabi/13.3.1/../../../../arm-none-eabi/lib/thumb/v7e-m+fp/hard\libc_nano.a(libc_a-wsetup.o)
 .ARM.attributes