../USB_HOST/Target/usbh_conf.c:62:6:HAL_HCD_MspInit	48	static
../USB_HOST/Target/usbh_conf.c:103:6:HAL_HCD_MspDeInit	8	static
../USB_HOST/Target/usbh_conf.c:137:6:HAL_HCD_SOF_Callback	8	static
../USB_HOST/Target/usbh_conf.c:147:6:HAL_HCD_Connect_Callback	8	static
../USB_HOST/Target/usbh_conf.c:157:6:HAL_HCD_Disconnect_Callback	8	static
../USB_HOST/Target/usbh_conf.c:169:6:HAL_HCD_HC_NotifyURBChange_Callback	0	static
../USB_HOST/Target/usbh_conf.c:181:6:HAL_HCD_PortEnabled_Callback	8	static
../USB_HOST/Target/usbh_conf.c:191:6:HAL_HCD_PortDisabled_Callback	8	static
../USB_HOST/Target/usbh_conf.c:205:20:USBH_LL_Init	8	static
../USB_HOST/Target/usbh_conf.c:285:19:USBH_LL_GetSpeed	8	static
../USB_HOST/Target/usbh_conf.c:333:10:USBH_LL_GetLastXferSize	8	static
../USB_HOST/Target/usbh_conf.c:374:20:USBH_LL_ClosePipe	0	static
../USB_HOST/Target/usbh_conf.c:390:20:USBH_LL_ActivatePipe	0	static
../USB_HOST/Target/usbh_conf.c:455:22:USBH_LL_GetURBState	8	static
../USB_HOST/Target/usbh_conf.c:469:20:USBH_LL_DriverVBUS	8	static
../USB_HOST/Target/usbh_conf.c:490:20:USBH_LL_SetToggle	0	static
../USB_HOST/Target/usbh_conf.c:513:9:USBH_LL_GetToggle	0	static
../USB_HOST/Target/usbh_conf.c:535:6:USBH_Delay	8	static
../USB_HOST/Target/usbh_conf.c:545:20:USBH_Get_USB_Status	0	static
../USB_HOST/Target/usbh_conf.c:234:20:USBH_LL_DeInit	8	static
../USB_HOST/Target/usbh_conf.c:251:20:USBH_LL_Start	8	static
../USB_HOST/Target/usbh_conf.c:268:20:USBH_LL_Stop	8	static
../USB_HOST/Target/usbh_conf.c:315:20:USBH_LL_ResetPort	8	static
../USB_HOST/Target/usbh_conf.c:349:20:USBH_LL_OpenPipe	24	static
../USB_HOST/Target/usbh_conf.c:426:20:USBH_LL_SubmitURB	24	static
